Archive member included to satisfy reference by file (symbol)

D:/STM32CubeCLT_1.16.0/GNU-tools-for-STM32/bin/../lib/gcc/arm-none-eabi/12.3.1/../../../../arm-none-eabi/lib/thumb/v7e-m+fp/hard\libc_nano.a(libc_a-exit.o)
                              D:/STM32CubeCLT_1.16.0/GNU-tools-for-STM32/bin/../lib/gcc/arm-none-eabi/12.3.1/../../../../arm-none-eabi/lib/thumb/v7e-m+fp/hard/crt0.o (exit)
D:/STM32CubeCLT_1.16.0/GNU-tools-for-STM32/bin/../lib/gcc/arm-none-eabi/12.3.1/../../../../arm-none-eabi/lib/thumb/v7e-m+fp/hard\libc_nano.a(libc_a-findfp.o)
                              D:/STM32CubeCLT_1.16.0/GNU-tools-for-STM32/bin/../lib/gcc/arm-none-eabi/12.3.1/../../../../arm-none-eabi/lib/thumb/v7e-m+fp/hard\libc_nano.a(libc_a-exit.o) (__stdio_exit_handler)
D:/STM32CubeCLT_1.16.0/GNU-tools-for-STM32/bin/../lib/gcc/arm-none-eabi/12.3.1/../../../../arm-none-eabi/lib/thumb/v7e-m+fp/hard\libc_nano.a(libc_a-fwalk.o)
                              D:/STM32CubeCLT_1.16.0/GNU-tools-for-STM32/bin/../lib/gcc/arm-none-eabi/12.3.1/../../../../arm-none-eabi/lib/thumb/v7e-m+fp/hard\libc_nano.a(libc_a-findfp.o) (_fwalk_sglue)
D:/STM32CubeCLT_1.16.0/GNU-tools-for-STM32/bin/../lib/gcc/arm-none-eabi/12.3.1/../../../../arm-none-eabi/lib/thumb/v7e-m+fp/hard\libc_nano.a(libc_a-stdio.o)
                              D:/STM32CubeCLT_1.16.0/GNU-tools-for-STM32/bin/../lib/gcc/arm-none-eabi/12.3.1/../../../../arm-none-eabi/lib/thumb/v7e-m+fp/hard\libc_nano.a(libc_a-findfp.o) (__sread)
D:/STM32CubeCLT_1.16.0/GNU-tools-for-STM32/bin/../lib/gcc/arm-none-eabi/12.3.1/../../../../arm-none-eabi/lib/thumb/v7e-m+fp/hard\libc_nano.a(libc_a-memset.o)
                              D:/STM32CubeCLT_1.16.0/GNU-tools-for-STM32/bin/../lib/gcc/arm-none-eabi/12.3.1/../../../../arm-none-eabi/lib/thumb/v7e-m+fp/hard/crt0.o (memset)
D:/STM32CubeCLT_1.16.0/GNU-tools-for-STM32/bin/../lib/gcc/arm-none-eabi/12.3.1/../../../../arm-none-eabi/lib/thumb/v7e-m+fp/hard\libc_nano.a(libc_a-closer.o)
                              D:/STM32CubeCLT_1.16.0/GNU-tools-for-STM32/bin/../lib/gcc/arm-none-eabi/12.3.1/../../../../arm-none-eabi/lib/thumb/v7e-m+fp/hard\libc_nano.a(libc_a-stdio.o) (_close_r)
D:/STM32CubeCLT_1.16.0/GNU-tools-for-STM32/bin/../lib/gcc/arm-none-eabi/12.3.1/../../../../arm-none-eabi/lib/thumb/v7e-m+fp/hard\libc_nano.a(libc_a-reent.o)
                              D:/STM32CubeCLT_1.16.0/GNU-tools-for-STM32/bin/../lib/gcc/arm-none-eabi/12.3.1/../../../../arm-none-eabi/lib/thumb/v7e-m+fp/hard\libc_nano.a(libc_a-closer.o) (errno)
D:/STM32CubeCLT_1.16.0/GNU-tools-for-STM32/bin/../lib/gcc/arm-none-eabi/12.3.1/../../../../arm-none-eabi/lib/thumb/v7e-m+fp/hard\libc_nano.a(libc_a-impure.o)
                              D:/STM32CubeCLT_1.16.0/GNU-tools-for-STM32/bin/../lib/gcc/arm-none-eabi/12.3.1/../../../../arm-none-eabi/lib/thumb/v7e-m+fp/hard\libc_nano.a(libc_a-reent.o) (_impure_ptr)
D:/STM32CubeCLT_1.16.0/GNU-tools-for-STM32/bin/../lib/gcc/arm-none-eabi/12.3.1/../../../../arm-none-eabi/lib/thumb/v7e-m+fp/hard\libc_nano.a(libc_a-lseekr.o)
                              D:/STM32CubeCLT_1.16.0/GNU-tools-for-STM32/bin/../lib/gcc/arm-none-eabi/12.3.1/../../../../arm-none-eabi/lib/thumb/v7e-m+fp/hard\libc_nano.a(libc_a-stdio.o) (_lseek_r)
D:/STM32CubeCLT_1.16.0/GNU-tools-for-STM32/bin/../lib/gcc/arm-none-eabi/12.3.1/../../../../arm-none-eabi/lib/thumb/v7e-m+fp/hard\libc_nano.a(libc_a-readr.o)
                              D:/STM32CubeCLT_1.16.0/GNU-tools-for-STM32/bin/../lib/gcc/arm-none-eabi/12.3.1/../../../../arm-none-eabi/lib/thumb/v7e-m+fp/hard\libc_nano.a(libc_a-stdio.o) (_read_r)
D:/STM32CubeCLT_1.16.0/GNU-tools-for-STM32/bin/../lib/gcc/arm-none-eabi/12.3.1/../../../../arm-none-eabi/lib/thumb/v7e-m+fp/hard\libc_nano.a(libc_a-writer.o)
                              D:/STM32CubeCLT_1.16.0/GNU-tools-for-STM32/bin/../lib/gcc/arm-none-eabi/12.3.1/../../../../arm-none-eabi/lib/thumb/v7e-m+fp/hard\libc_nano.a(libc_a-stdio.o) (_write_r)
D:/STM32CubeCLT_1.16.0/GNU-tools-for-STM32/bin/../lib/gcc/arm-none-eabi/12.3.1/../../../../arm-none-eabi/lib/thumb/v7e-m+fp/hard\libc_nano.a(libc_a-init.o)
                              D:/STM32CubeCLT_1.16.0/GNU-tools-for-STM32/bin/../lib/gcc/arm-none-eabi/12.3.1/../../../../arm-none-eabi/lib/thumb/v7e-m+fp/hard/crt0.o (__libc_init_array)
D:/STM32CubeCLT_1.16.0/GNU-tools-for-STM32/bin/../lib/gcc/arm-none-eabi/12.3.1/../../../../arm-none-eabi/lib/thumb/v7e-m+fp/hard\libc_nano.a(libc_a-lock.o)
                              D:/STM32CubeCLT_1.16.0/GNU-tools-for-STM32/bin/../lib/gcc/arm-none-eabi/12.3.1/../../../../arm-none-eabi/lib/thumb/v7e-m+fp/hard\libc_nano.a(libc_a-findfp.o) (__retarget_lock_init_recursive)
D:/STM32CubeCLT_1.16.0/GNU-tools-for-STM32/bin/../lib/gcc/arm-none-eabi/12.3.1/../../../../arm-none-eabi/lib/thumb/v7e-m+fp/hard\libc_nano.a(libc_a-freer.o)
[...]
Memory Configuration

Name             Origin             Length             Attributes
RAM              0x20000000         0x00018000         xrw
RAM2             0x10000000         0x00008000         xrw
FLASH            0x08000000         0x00100000         xr
*default*        0x00000000         0xffffffff

Linker script and memory map

LOAD D:/STM32CubeCLT_1.16.0/GNU-tools-for-STM32/bin/../lib/gcc/arm-none-eabi/12.3.1/thumb/v7e-m+fp/hard/crti.o
LOAD D:/STM32CubeCLT_1.16.0/GNU-tools-for-STM32/bin/../lib/gcc/arm-none-eabi/12.3.1/thumb/v7e-m+fp/hard/crtbegin.o
LOAD D:/STM32CubeCLT_1.16.0/GNU-tools-for-STM32/bin/../lib/gcc/arm-none-eabi/12.3.1/../../../../arm-none-eabi/lib/thumb/v7e-m+fp/hard/crt0.o
START GROUP
LOAD D:/STM32CubeCLT_1.16.0/GNU-tools-for-STM32/bin/../lib/gcc/arm-none-eabi/12.3.1/../../../../arm-none-eabi/lib/thumb/v7e-m+fp/hard\libc_nano.a
LOAD D:/STM32CubeCLT_1.16.0/GNU-tools-for-STM32/bin/../lib/gcc/arm-none-eabi/12.3.1/../../../../arm-none-eabi/lib/thumb/v7e-m+fp/hard\libm.a
END GROUP
LOAD CMakeFiles/Proyecto_Final_Control_De_Compuertas.dir/External/ssd1306/ssd1306.c.obj
LOAD CMakeFiles/Proyecto_Final_Control_De_Compuertas.dir/External/ssd1306/ssd1306_fonts.c.obj
LOAD CMakeFiles/Proyecto_Final_Control_De_Compuertas.dir/Core/Src/button.c.obj
LOAD CMakeFiles/Proyecto_Final_Control_De_Compuertas.dir/Core/Src/ring_buffer.c.obj
LOAD CMakeFiles/Proyecto_Final_Control_De_Compuertas.dir/Core/Src/main.c.obj
LOAD CMakeFiles/Proyecto_Final_Control_De_Compuertas.dir/Core/Src/stm32l4xx_it.c.obj
LOAD CMakeFiles/Proyecto_Final_Control_De_Compuertas.dir/Core/Src/stm32l4xx_hal_msp.c.obj
LOAD CMakeFiles/Proyecto_Final_Control_De_Compuertas.dir/Drivers/STM32L4xx_HAL_Driver/Src/stm32l4xx_hal_i2c.c.obj
LOAD CMakeFiles/Proyecto_Final_Control_De_Compuertas.dir/Drivers/STM32L4xx_HAL_Driver/Src/stm32l4xx_hal_i2c_ex.c.obj
LOAD CMakeFiles/Proyecto_Final_Control_De_Compuertas.dir/Drivers/STM32L4xx_HAL_Driver/Src/stm32l4xx_hal.c.obj
LOAD CMakeFiles/Proyecto_Final_Control_De_Compuertas.dir/Drivers/STM32L4xx_HAL_Driver/Src/stm32l4xx_hal_rcc.c.obj
LOAD CMakeFiles/Proyecto_Final_Control_De_Compuertas.dir/Drivers/STM32L4xx_HAL_Driver/Src/stm32l4xx_hal_rcc_ex.c.obj
LOAD CMakeFiles/Proyecto_Final_Control_De_Compuertas.dir/Drivers/STM32L4xx_HAL_Driver/Src/stm32l4xx_hal_flash.c.obj
LOAD CMakeFiles/Proyecto_Final_Control_De_Compuertas.dir/Drivers/STM32L4xx_HAL_Driver/Src/stm32l4xx_hal_flash_ex.c.obj
LOAD CMakeFiles/Proyecto_Final_Control_De_Compuertas.dir/Drivers/STM32L4xx_HAL_Driver/Src/stm32l4xx_hal_flash_ramfunc.c.obj
LOAD CMakeFiles/Proyecto_Final_Control_De_Compuertas.dir/Drivers/STM32L4xx_HAL_Driver/Src/stm32l4xx_hal_gpio.c.obj
LOAD CMakeFiles/Proyecto_Final_Control_De_Compuertas.dir/Drivers/STM32L4xx_HAL_Driver/Src/stm32l4xx_hal_dma.c.obj
LOAD CMakeFiles/Proyecto_Final_Control_De_Compuertas.dir/Drivers/STM32L4xx_HAL_Driver/Src/stm32l4xx_hal_dma_ex.c.obj
LOAD CMakeFiles/Proyecto_Final_Control_De_Compuertas.dir/Drivers/STM32L4xx_HAL_Driver/Src/stm32l4xx_hal_pwr.c.obj
LOAD CMakeFiles/Proyecto_Final_Control_De_Compuertas.dir/Drivers/STM32L4xx_HAL_Driver/Src/stm32l4xx_hal_pwr_ex.c.obj
LOAD CMakeFiles/Proyecto_Final_Control_De_Compuertas.dir/Drivers/STM32L4xx_HAL_Driver/Src/stm32l4xx_hal_cortex.c.obj
LOAD CMakeFiles/Proyecto_Final_Control_De_Compuertas.dir/Drivers/STM32L4xx_HAL_Driver/Src/stm32l4xx_hal_exti.c.obj
LOAD CMakeFiles/Proyecto_Final_Control_De_Compuertas.dir/Drivers/STM32L4xx_HAL_Driver/Src/stm32l4xx_hal_uart.c.obj
LOAD CMakeFiles/Proyecto_Final_Control_De_Compuertas.dir/Drivers/STM32L4xx_HAL_Driver/Src/stm32l4xx_hal_uart_ex.c.obj
LOAD CMakeFiles/Proyecto_Final_Control_De_Compuertas.dir/Core/Src/system_stm32l4xx.c.obj
LOAD CMakeFiles/Proyecto_Final_Control_De_Compuertas.dir/Core/Src/sysmem.c.obj
LOAD CMakeFiles/Proyecto_Final_Control_De_Compuertas.dir/Core/Src/syscalls.c.obj
LOAD CMakeFiles/Proyecto_Final_Control_De_Compuertas.dir/startup_stm32l476xx.s.obj
START GROUP
LOAD D:/STM32CubeCLT_1.16.0/GNU-tools-for-STM32/bin/../lib/gcc/arm-none-eabi/12.3.1/thumb/v7e-m+fp/hard\libgcc.a
LOAD D:/STM32CubeCLT_1.16.0/GNU-tools-for-STM32/bin/../lib/gcc/arm-none-eabi/12.3.1/../../../../arm-none-eabi/lib/thumb/v7e-m+fp/hard\libg_nano.a
LOAD D:/STM32CubeCLT_1.16.0/GNU-tools-for-STM32/bin/../lib/gcc/arm-none-eabi/12.3.1/../../../../arm-none-eabi/lib/thumb/v7e-m+fp/hard\libc_nano.a
END GROUP
START GROUP
LOAD D:/STM32CubeCLT_1.16.0/GNU-tools-for-STM32/bin/../lib/gcc/arm-none-eabi/12.3.1/thumb/v7e-m+fp/hard\libgcc.a
LOAD D:/STM32CubeCLT_1.16.0/GNU-tools-for-STM32/bin/../lib/gcc/arm-none-eabi/12.3.1/../../../../arm-none-eabi/lib/thumb/v7e-m+fp/hard\libc_nano.a
END GROUP
LOAD D:/STM32CubeCLT_1.16.0/GNU-tools-for-STM32/bin/../lib/gcc/arm-none-eabi/12.3.1/thumb/v7e-m+fp/hard/crtend.o
LOAD D:/STM32CubeCLT_1.16.0/GNU-tools-for-STM32/bin/../lib/gcc/arm-none-eabi/12.3.1/thumb/v7e-m+fp/hard/crtn.o
                0x20018000                        _estack = (ORIGIN (RAM) + LENGTH (RAM))
                0x00000200                        _Min_Heap_Size = 0x200
                0x00000400                        _Min_Stack_Size = 0x400

.isr_vector     0x08000000      0x188
                0x08000000                        . = ALIGN (0x8)
 *(.isr_vector)
 .isr_vector    0x08000000      0x188 CMakeFiles/Proyecto_Final_Control_De_Compuertas.dir/startup_stm32l476xx.s.obj
                0x08000000                g_pfnVectors
                0x08000188                        . = ALIGN (0x8)

.text           0x08000188     0x4708
                0x08000188                        . = ALIGN (0x8)
 *(.text)
 .text          0x08000188       0x40 D:/STM32CubeCLT_1.16.0/GNU-tools-for-STM32/bin/../lib/gcc/arm-none-eabi/12.3.1/thumb/v7e-m+fp/hard/crtbegin.o
 .text          0x080001c8       0x30 D:/STM32CubeCLT_1.16.0/GNU-tools-for-STM32/bin/../lib/gcc/arm-none-eabi/12.3.1/thumb/v7e-m+fp/hard\libgcc.a(_aeabi_uldivmod.o)
                0x080001c8                __aeabi_uldivmod
 .text          0x080001f8      0x2bc D:/STM32CubeCLT_1.16.0/GNU-tools-for-STM32/bin/../lib/gcc/arm-none-eabi/12.3.1/thumb/v7e-m+fp/hard\libgcc.a(_udivmoddi4.o)
                0x080001f8                __udivmoddi4
 .text          0x080004b4        0x4 D:/STM32CubeCLT_1.16.0/GNU-tools-for-STM32/bin/../lib/gcc/arm-none-eabi/12.3.1/thumb/v7e-m+fp/hard\libgcc.a(_dvmd_tls.o)
                0x080004b4                __aeabi_idiv0
                0x080004b4                __aeabi_ldiv0
 *(.text*)
 .text.memset   0x080004b8       0x10 D:/STM32CubeCLT_1.16.0/GNU-tools-for-STM32/bin/../lib/gcc/arm-none-eabi/12.3.1/../../../../arm-none-eabi/lib/thumb/v7e-m+fp/hard\libc_nano.a(libc_a-memset.o)
                0x080004b8                memset
 .text.__libc_init_array
                0x080004c8       0x48 D:/STM32CubeCLT_1.16.0/GNU-tools-for-STM32/bin/../lib/gcc/arm-none-eabi/12.3.1/../../../../arm-none-eabi/lib/thumb/v7e-m+fp/hard\libc_nano.a(libc_a-init.o)
                0x080004c8                __libc_init_array
 .text.ssd1306_Reset
                0x08000510        0xe CMakeFiles/Proyecto_Final_Control_De_Compuertas.dir/External/ssd1306/ssd1306.c.obj
                0x08000510                ssd1306_Reset
 *fill*         0x0800051e        0x2 
 .text.ssd1306_WriteCommand
                0x08000520       0x30 CMakeFiles/Proyecto_Final_Control_De_Compuertas.dir/External/ssd1306/ssd1306.c.obj
                0x08000520                ssd1306_WriteCommand
 .text.ssd1306_WriteData
                0x08000550       0x34 CMakeFiles/Proyecto_Final_Control_De_Compuertas.dir/External/ssd1306/ssd1306.c.obj
                0x08000550                ssd1306_WriteData
 .text.ssd1306_Init
                0x08000584       0xd4 CMakeFiles/Proyecto_Final_Control_De_Compuertas.dir/External/ssd1306/ssd1306.c.obj
                0x08000584                ssd1306_Init
 .text.ssd1306_Fill
                0x08000658       0x30 CMakeFiles/Proyecto_Final_Control_De_Compuertas.dir/External/ssd1306/ssd1306.c.obj
                0x08000658                ssd1306_Fill
 .text.ssd1306_UpdateScreen
                0x08000688       0x50 CMakeFiles/Proyecto_Final_Control_De_Compuertas.dir/External/ssd1306/ssd1306.c.obj
                0x08000688                ssd1306_UpdateScreen
 .text.ssd1306_SetContrast
                0x080006d8       0x26 CMakeFiles/Proyecto_Final_Control_De_Compuertas.dir/External/ssd1306/ssd1306.c.obj
                0x080006d8                ssd1306_SetContrast
 *fill*         0x080006fe        0x2 
 .text.ssd1306_SetDisplayOn
                0x08000700       0x3c CMakeFiles/Proyecto_Final_Control_De_Compuertas.dir/External/ssd1306/ssd1306.c.obj
                0x08000700                ssd1306_SetDisplayOn
 .text.main     0x0800073c       0x44 CMakeFiles/Proyecto_Final_Control_De_Compuertas.dir/Core/Src/main.c.obj
                0x0800073c                main
 .text.SystemClock_Config
                0x08000780       0xa2 CMakeFiles/Proyecto_Final_Control_De_Compuertas.dir/Core/Src/main.c.obj
                0x08000780                SystemClock_Config
 *fill*         0x08000822        0x2 
 .text.MX_I2C1_Init
                0x08000824       0x80 CMakeFiles/Proyecto_Final_Control_De_Compuertas.dir/Core/Src/main.c.obj
 .text.MX_USART2_UART_Init
                0x080008a4       0x60 CMakeFiles/Proyecto_Final_Control_De_Compuertas.dir/Core/Src/main.c.obj
 .text.MX_USART3_UART_Init
                0x08000904       0x60 CMakeFiles/Proyecto_Final_Control_De_Compuertas.dir/Core/Src/main.c.obj
 .text.MX_GPIO_Init
                0x08000964      0x17c CMakeFiles/Proyecto_Final_Control_De_Compuertas.dir/Core/Src/main.c.obj
 .text.Error_Handler
                0x08000ae0        0xc CMakeFiles/Proyecto_Final_Control_De_Compuertas.dir/Core/Src/main.c.obj
                0x08000ae0                Error_Handler
 .text.NMI_Handler
                0x08000aec        0x8 CMakeFiles/Proyecto_Final_Control_De_Compuertas.dir/Core/Src/stm32l4xx_it.c.obj
                0x08000aec                NMI_Handler
 .text.HardFault_Handler
                0x08000af4        0x8 CMakeFiles/Proyecto_Final_Control_De_Compuertas.dir/Core/Src/stm32l4xx_it.c.obj
                0x08000af4                HardFault_Handler
 .text.MemManage_Handler
                0x08000afc        0x8 CMakeFiles/Proyecto_Final_Control_De_Compuertas.dir/Core/Src/stm32l4xx_it.c.obj
                0x08000afc                MemManage_Handler
 .text.BusFault_Handler
                0x08000b04        0x8 CMakeFiles/Proyecto_Final_Control_De_Compuertas.dir/Core/Src/stm32l4xx_it.c.obj
                0x08000b04                BusFault_Handler
 .text.UsageFault_Handler
                0x08000b0c        0x8 CMakeFiles/Proyecto_Final_Control_De_Compuertas.dir/Core/Src/stm32l4xx_it.c.obj
                0x08000b0c                UsageFault_Handler
 .text.SVC_Handler
                0x08000b14        0xe CMakeFiles/Proyecto_Final_Control_De_Compuertas.dir/Core/Src/stm32l4xx_it.c.obj
                0x08000b14                SVC_Handler
 .text.DebugMon_Handler
                0x08000b22        0xe CMakeFiles/Proyecto_Final_Control_De_Compuertas.dir/Core/Src/stm32l4xx_it.c.obj
                0x08000b22                DebugMon_Handler
 .text.PendSV_Handler
                0x08000b30        0xe CMakeFiles/Proyecto_Final_Control_De_Compuertas.dir/Core/Src/stm32l4xx_it.c.obj
                0x08000b30                PendSV_Handler
 .text.SysTick_Handler
                0x08000b3e        0xc CMakeFiles/Proyecto_Final_Control_De_Compuertas.dir/Core/Src/stm32l4xx_it.c.obj
                0x08000b3e                SysTick_Handler
 *fill*         0x08000b4a        0x2 
 .text.USART2_IRQHandler
                0x08000b4c       0x14 CMakeFiles/Proyecto_Final_Control_De_Compuertas.dir/Core/Src/stm32l4xx_it.c.obj
                0x08000b4c                USART2_IRQHandler
 .text.USART3_IRQHandler
                0x08000b60       0x14 CMakeFiles/Proyecto_Final_Control_De_Compuertas.dir/Core/Src/stm32l4xx_it.c.obj
                0x08000b60                USART3_IRQHandler
 .text.EXTI15_10_IRQHandler
                0x08000b74       0x18 CMakeFiles/Proyecto_Final_Control_De_Compuertas.dir/Core/Src/stm32l4xx_it.c.obj
                0x08000b74                EXTI15_10_IRQHandler
 .text.HAL_MspInit
                0x08000b8c       0x48 CMakeFiles/Proyecto_Final_Control_De_Compuertas.dir/Core/Src/stm32l4xx_hal_msp.c.obj
                0x08000b8c                HAL_MspInit
 .text.HAL_I2C_MspInit
                0x08000bd4       0xbc CMakeFiles/Proyecto_Final_Control_De_Compuertas.dir/Core/Src/stm32l4xx_hal_msp.c.obj
                0x08000bd4                HAL_I2C_MspInit
 .text.HAL_UART_MspInit
                0x08000c90      0x164 CMakeFiles/Proyecto_Final_Control_De_Compuertas.dir/Core/Src/stm32l4xx_hal_msp.c.obj
                0x08000c90                HAL_UART_MspInit
 .text.HAL_I2C_Init
                0x08000df4      0x136 CMakeFiles/Proyecto_Final_Control_De_Compuertas.dir/Drivers/STM32L4xx_HAL_Driver/Src/stm32l4xx_hal_i2c.c.obj
                0x08000df4                HAL_I2C_Init
 *fill*         0x08000f2a        0x2 
 .text.HAL_I2C_Mem_Write
                0x08000f2c      0x228 CMakeFiles/Proyecto_Final_Control_De_Compuertas.dir/Drivers/STM32L4xx_HAL_Driver/Src/stm32l4xx_hal_i2c.c.obj
                0x08000f2c                HAL_I2C_Mem_Write
 .text.I2C_RequestMemoryWrite
                0x08001154       0xa8 CMakeFiles/Proyecto_Final_Control_De_Compuertas.dir/Drivers/STM32L4xx_HAL_Driver/Src/stm32l4xx_hal_i2c.c.obj
 .text.I2C_Flush_TXDR
                0x080011fc       0x48 CMakeFiles/Proyecto_Final_Control_De_Compuertas.dir/Drivers/STM32L4xx_HAL_Driver/Src/stm32l4xx_hal_i2c.c.obj
 .text.I2C_WaitOnFlagUntilTimeout
                0x08001244       0xb2 CMakeFiles/Proyecto_Final_Control_De_Compuertas.dir/Drivers/STM32L4xx_HAL_Driver/Src/stm32l4xx_hal_i2c.c.obj
 .text.I2C_WaitOnTXISFlagUntilTimeout
                0x080012f6       0x8e CMakeFiles/Proyecto_Final_Control_De_Compuertas.dir/Drivers/STM32L4xx_HAL_Driver/Src/stm32l4xx_hal_i2c.c.obj
 .text.I2C_WaitOnSTOPFlagUntilTimeout
                0x08001384       0x86 CMakeFiles/Proyecto_Final_Control_De_Compuertas.dir/Drivers/STM32L4xx_HAL_Driver/Src/stm32l4xx_hal_i2c.c.obj
 *fill*         0x0800140a        0x2 
 .text.I2C_IsErrorOccurred
                0x0800140c      0x1c0 CMakeFiles/Proyecto_Final_Control_De_Compuertas.dir/Drivers/STM32L4xx_HAL_Driver/Src/stm32l4xx_hal_i2c.c.obj
 .text.I2C_TransferConfig
                0x080015cc       0x64 CMakeFiles/Proyecto_Final_Control_De_Compuertas.dir/Drivers/STM32L4xx_HAL_Driver/Src/stm32l4xx_hal_i2c.c.obj
 .text.HAL_I2CEx_ConfigAnalogFilter
                0x08001630       0x96 CMakeFiles/Proyecto_Final_Control_De_Compuertas.dir/Drivers/STM32L4xx_HAL_Driver/Src/stm32l4xx_hal_i2c_ex.c.obj
                0x08001630                HAL_I2CEx_ConfigAnalogFilter
 .text.HAL_I2CEx_ConfigDigitalFilter
                0x080016c6       0x98 CMakeFiles/Proyecto_Final_Control_De_Compuertas.dir/Drivers/STM32L4xx_HAL_Driver/Src/stm32l4xx_hal_i2c_ex.c.obj
                0x080016c6                HAL_I2CEx_ConfigDigitalFilter
 *fill*         0x0800175e        0x2 
 .text.HAL_Init
                0x08001760       0x40 CMakeFiles/Proyecto_Final_Control_De_Compuertas.dir/Drivers/STM32L4xx_HAL_Driver/Src/stm32l4xx_hal.c.obj
                0x08001760                HAL_Init
 .text.HAL_InitTick
                0x080017a0       0x78 CMakeFiles/Proyecto_Final_Control_De_Compuertas.dir/Drivers/STM32L4xx_HAL_Driver/Src/stm32l4xx_hal.c.obj
                0x080017a0                HAL_InitTick
 .text.HAL_IncTick
                0x08001818       0x28 CMakeFiles/Proyecto_Final_Control_De_Compuertas.dir/Drivers/STM32L4xx_HAL_Driver/Src/stm32l4xx_hal.c.obj
                0x08001818                HAL_IncTick
 .text.HAL_GetTick
                0x08001840       0x18 CMakeFiles/Proyecto_Final_Control_De_Compuertas.dir/Drivers/STM32L4xx_HAL_Driver/Src/stm32l4xx_hal.c.obj
                0x08001840                HAL_GetTick
 .text.HAL_Delay
                0x08001858       0x48 CMakeFiles/Proyecto_Final_Control_De_Compuertas.dir/Drivers/STM32L4xx_HAL_Driver/Src/stm32l4xx_hal.c.obj
                0x08001858                HAL_Delay
 .text.HAL_RCC_OscConfig
                0x080018a0      0x7b8 CMakeFiles/Proyecto_Final_Control_De_Compuertas.dir/Drivers/STM32L4xx_HAL_Driver/Src/stm32l4xx_hal_rcc.c.obj
                0x080018a0                HAL_RCC_OscConfig
 .text.HAL_RCC_ClockConfig
                0x08002058      0x200 CMakeFiles/Proyecto_Final_Control_De_Compuertas.dir/Drivers/STM32L4xx_HAL_Driver/Src/stm32l4xx_hal_rcc.c.obj
                0x08002058                HAL_RCC_ClockConfig
 .text.HAL_RCC_GetSysClockFreq
                0x08002258      0x118 CMakeFiles/Proyecto_Final_Control_De_Compuertas.dir/Drivers/STM32L4xx_HAL_Driver/Src/stm32l4xx_hal_rcc.c.obj
                0x08002258                HAL_RCC_GetSysClockFreq
 .text.HAL_RCC_GetHCLKFreq
                0x08002370       0x18 CMakeFiles/Proyecto_Final_Control_De_Compuertas.dir/Drivers/STM32L4xx_HAL_Driver/Src/stm32l4xx_hal_rcc.c.obj
                0x08002370                HAL_RCC_GetHCLKFreq
 .text.HAL_RCC_GetPCLK1Freq
                0x08002388       0x2c CMakeFiles/Proyecto_Final_Control_De_Compuertas.dir/Drivers/STM32L4xx_HAL_Driver/Src/stm32l4xx_hal_rcc.c.obj
                0x08002388                HAL_RCC_GetPCLK1Freq
 .text.HAL_RCC_GetPCLK2Freq
                0x080023b4       0x2c CMakeFiles/Proyecto_Final_Control_De_Compuertas.dir/Drivers/STM32L4xx_HAL_Driver/Src/stm32l4xx_hal_rcc.c.obj
                0x080023b4                HAL_RCC_GetPCLK2Freq
 .text.RCC_SetFlashLatencyFromMSIRange
                0x080023e0       0xc0 CMakeFiles/Proyecto_Final_Control_De_Compuertas.dir/Drivers/STM32L4xx_HAL_Driver/Src/stm32l4xx_hal_rcc.c.obj
 .text.HAL_RCCEx_PeriphCLKConfig
                0x080024a0      0x5d4 CMakeFiles/Proyecto_Final_Control_De_Compuertas.dir/Drivers/STM32L4xx_HAL_Driver/Src/stm32l4xx_hal_rcc_ex.c.obj
                0x080024a0                HAL_RCCEx_PeriphCLKConfig
 .text.RCCEx_PLLSAI1_Config
                0x08002a74      0x1e8 CMakeFiles/Proyecto_Final_Control_De_Compuertas.dir/Drivers/STM32L4xx_HAL_Driver/Src/stm32l4xx_hal_rcc_ex.c.obj
 .text.RCCEx_PLLSAI2_Config
                0x08002c5c      0x1bc CMakeFiles/Proyecto_Final_Control_De_Compuertas.dir/Drivers/STM32L4xx_HAL_Driver/Src/stm32l4xx_hal_rcc_ex.c.obj
 .text.HAL_GPIO_Init
                0x08002e18      0x354 CMakeFiles/Proyecto_Final_Control_De_Compuertas.dir/Drivers/STM32L4xx_HAL_Driver/Src/stm32l4xx_hal_gpio.c.obj
                0x08002e18                HAL_GPIO_Init
 .text.HAL_GPIO_WritePin
                0x0800316c       0x30 CMakeFiles/Proyecto_Final_Control_De_Compuertas.dir/Drivers/STM32L4xx_HAL_Driver/Src/stm32l4xx_hal_gpio.c.obj
                0x0800316c                HAL_GPIO_WritePin
 .text.HAL_GPIO_EXTI_IRQHandler
                0x0800319c       0x30 CMakeFiles/Proyecto_Final_Control_De_Compuertas.dir/Drivers/STM32L4xx_HAL_Driver/Src/stm32l4xx_hal_gpio.c.obj
                0x0800319c                HAL_GPIO_EXTI_IRQHandler
 .text.HAL_GPIO_EXTI_Callback
                0x080031cc       0x16 CMakeFiles/Proyecto_Final_Control_De_Compuertas.dir/Drivers/STM32L4xx_HAL_Driver/Src/stm32l4xx_hal_gpio.c.obj
                0x080031cc                HAL_GPIO_EXTI_Callback
 .text.HAL_DMA_Abort
                0x080031e2       0x7c CMakeFiles/Proyecto_Final_Control_De_Compuertas.dir/Drivers/STM32L4xx_HAL_Driver/Src/stm32l4xx_hal_dma.c.obj
                0x080031e2                HAL_DMA_Abort
 .text.HAL_DMA_Abort_IT
                0x0800325e       0x82 CMakeFiles/Proyecto_Final_Control_De_Compuertas.dir/Drivers/STM32L4xx_HAL_Driver/Src/stm32l4xx_hal_dma.c.obj
                0x0800325e                HAL_DMA_Abort_IT
 .text.HAL_PWREx_GetVoltageRange
                0x080032e0       0x1c CMakeFiles/Proyecto_Final_Control_De_Compuertas.dir/Drivers/STM32L4xx_HAL_Driver/Src/stm32l4xx_hal_pwr_ex.c.obj
                0x080032e0                HAL_PWREx_GetVoltageRange
 .text.HAL_PWREx_ControlVoltageScaling
                0x080032fc       0xac CMakeFiles/Proyecto_Final_Control_De_Compuertas.dir/Drivers/STM32L4xx_HAL_Driver/Src/stm32l4xx_hal_pwr_ex.c.obj
                0x080032fc                HAL_PWREx_ControlVoltageScaling
 .text.__NVIC_SetPriorityGrouping
                0x080033a8       0x48 CMakeFiles/Proyecto_Final_Control_De_Compuertas.dir/Drivers/STM32L4xx_HAL_Driver/Src/stm32l4xx_hal_cortex.c.obj
 .text.__NVIC_GetPriorityGrouping
                0x080033f0       0x1c CMakeFiles/Proyecto_Final_Control_De_Compuertas.dir/Drivers/STM32L4xx_HAL_Driver/Src/stm32l4xx_hal_cortex.c.obj
 .text.__NVIC_EnableIRQ
                0x0800340c       0x3c CMakeFiles/Proyecto_Final_Control_De_Compuertas.dir/Drivers/STM32L4xx_HAL_Driver/Src/stm32l4xx_hal_cortex.c.obj
 .text.__NVIC_SetPriority
                0x08003448       0x54 CMakeFiles/Proyecto_Final_Control_De_Compuertas.dir/Drivers/STM32L4xx_HAL_Driver/Src/stm32l4xx_hal_cortex.c.obj
 .text.NVIC_EncodePriority
                0x0800349c       0x66 CMakeFiles/Proyecto_Final_Control_De_Compuertas.dir/Drivers/STM32L4xx_HAL_Driver/Src/stm32l4xx_hal_cortex.c.obj
 *fill*         0x08003502        0x2 
 .text.SysTick_Config
                0x08003504       0x44 CMakeFiles/Proyecto_Final_Control_De_Compuertas.dir/Drivers/STM32L4xx_HAL_Driver/Src/stm32l4xx_hal_cortex.c.obj
 .text.HAL_NVIC_SetPriorityGrouping
                0x08003548       0x16 CMakeFiles/Proyecto_Final_Control_De_Compuertas.dir/Drivers/STM32L4xx_HAL_Driver/Src/stm32l4xx_hal_cortex.c.obj
                0x08003548                HAL_NVIC_SetPriorityGrouping
 .text.HAL_NVIC_SetPriority
                0x0800355e       0x38 CMakeFiles/Proyecto_Final_Control_De_Compuertas.dir/Drivers/STM32L4xx_HAL_Driver/Src/stm32l4xx_hal_cortex.c.obj
                0x0800355e                HAL_NVIC_SetPriority
 .text.HAL_NVIC_EnableIRQ
                0x08003596       0x1c CMakeFiles/Proyecto_Final_Control_De_Compuertas.dir/Drivers/STM32L4xx_HAL_Driver/Src/stm32l4xx_hal_cortex.c.obj
                0x08003596                HAL_NVIC_EnableIRQ
 .text.HAL_SYSTICK_Config
                0x080035b2       0x18 CMakeFiles/Proyecto_Final_Control_De_Compuertas.dir/Drivers/STM32L4xx_HAL_Driver/Src/stm32l4xx_hal_cortex.c.obj
                0x080035b2                HAL_SYSTICK_Config
 .text.HAL_UART_Init
                0x080035ca       0x9c CMakeFiles/Proyecto_Final_Control_De_Compuertas.dir/Drivers/STM32L4xx_HAL_Driver/Src/stm32l4xx_hal_uart.c.obj
                0x080035ca                HAL_UART_Init
 .text.HAL_UART_Transmit
                0x08003666      0x112 CMakeFiles/Proyecto_Final_Control_De_Compuertas.dir/Drivers/STM32L4xx_HAL_Driver/Src/stm32l4xx_hal_uart.c.obj
                0x08003666                HAL_UART_Transmit
 .text.HAL_UART_IRQHandler
                0x08003778      0x60c CMakeFiles/Proyecto_Final_Control_De_Compuertas.dir/Drivers/STM32L4xx_HAL_Driver/Src/stm32l4xx_hal_uart.c.obj
                0x08003778                HAL_UART_IRQHandler
 .text.HAL_UART_TxCpltCallback
                0x08003d84       0x14 CMakeFiles/Proyecto_Final_Control_De_Compuertas.dir/Drivers/STM32L4xx_HAL_Driver/Src/stm32l4xx_hal_uart.c.obj
                0x08003d84                HAL_UART_TxCpltCallback
 .text.HAL_UART_ErrorCallback
                0x08003d98       0x14 CMakeFiles/Proyecto_Final_Control_De_Compuertas.dir/Drivers/STM32L4xx_HAL_Driver/Src/stm32l4xx_hal_uart.c.obj
                0x08003d98                HAL_UART_ErrorCallback
 .text.HAL_UARTEx_RxEventCallback
                0x08003dac       0x18 CMakeFiles/Proyecto_Final_Control_De_Compuertas.dir/Drivers/STM32L4xx_HAL_Driver/Src/stm32l4xx_hal_uart.c.obj
                0x08003dac                HAL_UARTEx_RxEventCallback
 .text.UART_SetConfig
                0x08003dc4      0x570 CMakeFiles/Proyecto_Final_Control_De_Compuertas.dir/Drivers/STM32L4xx_HAL_Driver/Src/stm32l4xx_hal_uart.c.obj
                0x08003dc4                UART_SetConfig
 .text.UART_AdvFeatureConfig
                0x08004334      0x144 CMakeFiles/Proyecto_Final_Control_De_Compuertas.dir/Drivers/STM32L4xx_HAL_Driver/Src/stm32l4xx_hal_uart.c.obj
                0x08004334                UART_AdvFeatureConfig
 .text.UART_CheckIdleState
                0x08004478      0x150 CMakeFiles/Proyecto_Final_Control_De_Compuertas.dir/Drivers/STM32L4xx_HAL_Driver/Src/stm32l4xx_hal_uart.c.obj
                0x08004478                UART_CheckIdleState
 .text.UART_WaitOnFlagUntilTimeout
                0x080045c8       0xda CMakeFiles/Proyecto_Final_Control_De_Compuertas.dir/Drivers/STM32L4xx_HAL_Driver/Src/stm32l4xx_hal_uart.c.obj
                0x080045c8                UART_WaitOnFlagUntilTimeout
 .text.UART_EndRxTransfer
                0x080046a2       0xc8 CMakeFiles/Proyecto_Final_Control_De_Compuertas.dir/Drivers/STM32L4xx_HAL_Driver/Src/stm32l4xx_hal_uart.c.obj
 .text.UART_DMAAbortOnError
                0x0800476a       0x2c CMakeFiles/Proyecto_Final_Control_De_Compuertas.dir/Drivers/STM32L4xx_HAL_Driver/Src/stm32l4xx_hal_uart.c.obj
 .text.UART_EndTransmit_IT
                0x08004796       0x54 CMakeFiles/Proyecto_Final_Control_De_Compuertas.dir/Drivers/STM32L4xx_HAL_Driver/Src/stm32l4xx_hal_uart.c.obj
 .text.HAL_UARTEx_WakeupCallback
                0x080047ea       0x14 CMakeFiles/Proyecto_Final_Control_De_Compuertas.dir/Drivers/STM32L4xx_HAL_Driver/Src/stm32l4xx_hal_uart_ex.c.obj
                0x080047ea                HAL_UARTEx_WakeupCallback
 *fill*         0x080047fe        0x2 
 .text.SystemInit
                0x08004800       0x24 CMakeFiles/Proyecto_Final_Control_De_Compuertas.dir/Core/Src/system_stm32l4xx.c.obj
                0x08004800                SystemInit
 .text.Reset_Handler
                0x08004824       0x50 CMakeFiles/Proyecto_Final_Control_De_Compuertas.dir/startup_stm32l476xx.s.obj
                0x08004824                Reset_Handler
 .text.Default_Handler
                0x08004874        0x2 CMakeFiles/Proyecto_Final_Control_De_Compuertas.dir/startup_stm32l476xx.s.obj
                0x08004874                RTC_Alarm_IRQHandler
                0x08004874                EXTI2_IRQHandler
                0x08004874                TIM8_TRG_COM_IRQHandler
                0x08004874                TIM8_CC_IRQHandler
                0x08004874                TIM1_CC_IRQHandler
                0x08004874                TSC_IRQHandler
                0x08004874                TAMP_STAMP_IRQHandler
                0x08004874                EXTI3_IRQHandler
                0x08004874                LPTIM2_IRQHandler
                0x08004874                DFSDM1_FLT1_IRQHandler
                0x08004874                I2C3_ER_IRQHandler
                0x08004874                DFSDM1_FLT2_IRQHandler
                0x08004874                EXTI0_IRQHandler
                0x08004874                I2C2_EV_IRQHandler
                0x08004874                CAN1_RX0_IRQHandler
                0x08004874                FPU_IRQHandler
                0x08004874                TIM1_UP_TIM16_IRQHandler
                0x08004874                ADC1_2_IRQHandler
                0x08004874                SPI1_IRQHandler
                0x08004874                TIM6_DAC_IRQHandler
                0x08004874                TIM8_UP_IRQHandler
                0x08004874                DMA2_Channel2_IRQHandler
                0x08004874                DMA1_Channel4_IRQHandler
                0x08004874                SAI2_IRQHandler
                0x08004874                DFSDM1_FLT3_IRQHandler
                0x08004874                DMA1_Channel7_IRQHandler
                0x08004874                CAN1_RX1_IRQHandler
                0x08004874                LCD_IRQHandler
                0x08004874                UART5_IRQHandler
                0x08004874                ADC3_IRQHandler
                0x08004874                TIM4_IRQHandler
                0x08004874                DMA2_Channel1_IRQHandler
                0x08004874                QUADSPI_IRQHandler
                0x08004874                I2C1_EV_IRQHandler
                0x08004874                DMA1_Channel6_IRQHandler
                0x08004874                UART4_IRQHandler
                0x08004874                DMA2_Channel4_IRQHandler
                0x08004874                TIM3_IRQHandler
                0x08004874                RCC_IRQHandler
                0x08004874                DMA1_Channel1_IRQHandler
                0x08004874                Default_Handler
                0x08004874                DMA2_Channel7_IRQHandler
                0x08004874                TIM7_IRQHandler
                0x08004874                SDMMC1_IRQHandler
                0x08004874                TIM5_IRQHandler
                0x08004874                I2C3_EV_IRQHandler
                0x08004874                EXTI9_5_IRQHandler
                0x08004874                RTC_WKUP_IRQHandler
                0x08004874                PVD_PVM_IRQHandler
                0x08004874                SPI2_IRQHandler
                0x08004874                CAN1_TX_IRQHandler
                0x08004874                DMA2_Channel5_IRQHandler
                0x08004874                DMA1_Channel5_IRQHandler
                0x08004874                EXTI4_IRQHandler
                0x08004874                RNG_IRQHandler
                0x08004874                TIM1_TRG_COM_TIM17_IRQHandler
                0x08004874                DMA1_Channel3_IRQHandler
                0x08004874                COMP_IRQHandler
                0x08004874                WWDG_IRQHandler
                0x08004874                LPUART1_IRQHandler
                0x08004874                DMA2_Channel6_IRQHandler
                0x08004874                TIM2_IRQHandler
                0x08004874                EXTI1_IRQHandler
                0x08004874                DFSDM1_FLT0_IRQHandler
                0x08004874                I2C2_ER_IRQHandler
                0x08004874                DMA1_Channel2_IRQHandler
                0x08004874                TIM8_BRK_IRQHandler
                0x08004874                CAN1_SCE_IRQHandler
                0x08004874                FLASH_IRQHandler
                0x08004874                USART1_IRQHandler
                0x08004874                OTG_FS_IRQHandler
                0x08004874                SPI3_IRQHandler
                0x08004874                I2C1_ER_IRQHandler
                0x08004874                FMC_IRQHandler
                0x08004874                SWPMI1_IRQHandler
                0x08004874                LPTIM1_IRQHandler
                0x08004874                SAI1_IRQHandler
                0x08004874                DMA2_Channel3_IRQHandler
                0x08004874                TIM1_BRK_TIM15_IRQHandler
 *(.glue_7)
 .glue_7        0x08004876        0x0 linker stubs
 *(.glue_7t)
 .glue_7t       0x08004876        0x0 linker stubs
 *(.eh_frame)
 *fill*         0x08004876        0x2 
 .eh_frame      0x08004878        0x0 D:/STM32CubeCLT_1.16.0/GNU-tools-for-STM32/bin/../lib/gcc/arm-none-eabi/12.3.1/thumb/v7e-m+fp/hard/crtbegin.o
 *(.init)
 .init          0x08004878        0x4 D:/STM32CubeCLT_1.16.0/GNU-tools-for-STM32/bin/../lib/gcc/arm-none-eabi/12.3.1/thumb/v7e-m+fp/hard/crti.o
                0x08004878                _init
 .init          0x0800487c        0x8 D:/STM32CubeCLT_1.16.0/GNU-tools-for-STM32/bin/../lib/gcc/arm-none-eabi/12.3.1/thumb/v7e-m+fp/hard/crtn.o
 *(.fini)
 .fini          0x08004884        0x4 D:/STM32CubeCLT_1.16.0/GNU-tools-for-STM32/bin/../lib/gcc/arm-none-eabi/12.3.1/thumb/v7e-m+fp/hard/crti.o
                0x08004884                _fini
 .fini          0x08004888        0x8 D:/STM32CubeCLT_1.16.0/GNU-tools-for-STM32/bin/../lib/gcc/arm-none-eabi/12.3.1/thumb/v7e-m+fp/hard/crtn.o
                0x08004890                        . = ALIGN (0x8)
                0x08004890                        _etext = .

.vfp11_veneer   0x08004890        0x0
 .vfp11_veneer  0x08004890        0x0 linker stubs

.v4_bx          0x08004890        0x0
 .v4_bx         0x08004890        0x0 linker stubs

.iplt           0x08004890        0x0
 .iplt          0x08004890        0x0 D:/STM32CubeCLT_1.16.0/GNU-tools-for-STM32/bin/../lib/gcc/arm-none-eabi/12.3.1/thumb/v7e-m+fp/hard/crtbegin.o

.rodata         0x08004890       0x58
                0x08004890                        . = ALIGN (0x8)
 *(.rodata)
 .rodata        0x08004890        0xf CMakeFiles/Proyecto_Final_Control_De_Compuertas.dir/Core/Src/main.c.obj
 *(.rodata*)
 *fill*         0x0800489f        0x1 
 .rodata.AHBPrescTable
                0x080048a0       0x10 CMakeFiles/Proyecto_Final_Control_De_Compuertas.dir/Core/Src/system_stm32l4xx.c.obj
                0x080048a0                AHBPrescTable
 .rodata.APBPrescTable
                0x080048b0        0x8 CMakeFiles/Proyecto_Final_Control_De_Compuertas.dir/Core/Src/system_stm32l4xx.c.obj
                0x080048b0                APBPrescTable
 .rodata.MSIRangeTable
                0x080048b8       0x30 CMakeFiles/Proyecto_Final_Control_De_Compuertas.dir/Core/Src/system_stm32l4xx.c.obj
                0x080048b8                MSIRangeTable
                0x080048e8                        . = ALIGN (0x8)

.ARM.extab      0x080048e8        0x0
                0x080048e8                        . = ALIGN (0x8)
 *(.ARM.extab* .gnu.linkonce.armextab.*)
                0x080048e8                        . = ALIGN (0x8)

.ARM            0x080048e8        0x8
                0x080048e8                        . = ALIGN (0x8)
                0x080048e8                        __exidx_start = .
 *(.ARM.exidx*)
 .ARM.exidx     0x080048e8        0x8 D:/STM32CubeCLT_1.16.0/GNU-tools-for-STM32/bin/../lib/gcc/arm-none-eabi/12.3.1/thumb/v7e-m+fp/hard\libgcc.a(_udivmoddi4.o)
                0x080048f0                        __exidx_end = .
                0x080048f0                        . = ALIGN (0x8)

.rel.dyn        0x080048f0        0x0
 .rel.iplt      0x080048f0        0x0 D:/STM32CubeCLT_1.16.0/GNU-tools-for-STM32/bin/../lib/gcc/arm-none-eabi/12.3.1/thumb/v7e-m+fp/hard/crtbegin.o

.preinit_array  0x080048f0        0x0
                0x080048f0                        . = ALIGN (0x8)
                0x080048f0                        PROVIDE (__preinit_array_start = .)
 *(.preinit_array*)
                0x080048f0                        PROVIDE (__preinit_array_end = .)
                0x080048f0                        . = ALIGN (0x8)

.init_array     0x080048f0        0x8
                0x080048f0                        . = ALIGN (0x8)
                0x080048f0                        PROVIDE (__init_array_start = .)
 *(SORT_BY_NAME(.init_array.*))
 *(.init_array*)
 .init_array    0x080048f0        0x4 D:/STM32CubeCLT_1.16.0/GNU-tools-for-STM32/bin/../lib/gcc/arm-none-eabi/12.3.1/thumb/v7e-m+fp/hard/crtbegin.o
                0x080048f4                        PROVIDE (__init_array_end = .)
                0x080048f8                        . = ALIGN (0x8)
 *fill*         0x080048f4        0x4 

.fini_array     0x080048f8        0x8
                0x080048f8                        . = ALIGN (0x8)
                [!provide]                        PROVIDE (__fini_array_start = .)
 *(SORT_BY_NAME(.fini_array.*))
 *(.fini_array*)
 .fini_array    0x080048f8        0x4 D:/STM32CubeCLT_1.16.0/GNU-tools-for-STM32/bin/../lib/gcc/arm-none-eabi/12.3.1/thumb/v7e-m+fp/hard/crtbegin.o
                [!provide]                        PROVIDE (__fini_array_end = .)
                0x08004900                        . = ALIGN (0x8)
 *fill*         0x080048fc        0x4 
                0x08004900                        _sidata = LOADADDR (.data)

.data           0x20000000       0x10 load address 0x08004900
                0x20000000                        . = ALIGN (0x8)
                0x20000000                        _sdata = .
 *(.data)
 *(.data*)
 .data.uwTickPrio
                0x20000000        0x4 CMakeFiles/Proyecto_Final_Control_De_Compuertas.dir/Drivers/STM32L4xx_HAL_Driver/Src/stm32l4xx_hal.c.obj
                0x20000000                uwTickPrio
 .data.uwTickFreq
                0x20000004        0x1 CMakeFiles/Proyecto_Final_Control_De_Compuertas.dir/Drivers/STM32L4xx_HAL_Driver/Src/stm32l4xx_hal.c.obj
                0x20000004                uwTickFreq
 *fill*         0x20000005        0x3 
 .data.SystemCoreClock
                0x20000008        0x4 CMakeFiles/Proyecto_Final_Control_De_Compuertas.dir/Core/Src/system_stm32l4xx.c.obj
                0x20000008                SystemCoreClock
                0x20000010                        . = ALIGN (0x8)
 *fill*         0x2000000c        0x4 
                0x20000010                        _edata = .

.igot.plt       0x20000010        0x0 load address 0x08004910
 .igot.plt      0x20000010        0x0 D:/STM32CubeCLT_1.16.0/GNU-tools-for-STM32/bin/../lib/gcc/arm-none-eabi/12.3.1/thumb/v7e-m+fp/hard/crtbegin.o
                0x20000010                        . = ALIGN (0x4)

.bss            0x20000010      0x58c load address 0x08004910
                0x20000010                        _sbss = .
                0x20000010                        __bss_start__ = _sbss
 *(.bss)
 .bss           0x20000010       0x1c D:/STM32CubeCLT_1.16.0/GNU-tools-for-STM32/bin/../lib/gcc/arm-none-eabi/12.3.1/thumb/v7e-m+fp/hard/crtbegin.o
 *(.bss*)
 .bss.SSD1306_Buffer
                0x2000002c      0x400 CMakeFiles/Proyecto_Final_Control_De_Compuertas.dir/External/ssd1306/ssd1306.c.obj
 .bss.SSD1306   0x2000042c        0x6 CMakeFiles/Proyecto_Final_Control_De_Compuertas.dir/External/ssd1306/ssd1306.c.obj
 *fill*         0x20000432        0x2 
 .bss.hi2c1     0x20000434       0x54 CMakeFiles/Proyecto_Final_Control_De_Compuertas.dir/Core/Src/main.c.obj
                0x20000434                hi2c1
 .bss.huart2    0x20000488       0x88 CMakeFiles/Proyecto_Final_Control_De_Compuertas.dir/Core/Src/main.c.obj
                0x20000488                huart2
 .bss.huart3    0x20000510       0x88 CMakeFiles/Proyecto_Final_Control_De_Compuertas.dir/Core/Src/main.c.obj
                0x20000510                huart3
 .bss.uwTick    0x20000598        0x4 CMakeFiles/Proyecto_Final_Control_De_Compuertas.dir/Drivers/STM32L4xx_HAL_Driver/Src/stm32l4xx_hal.c.obj
                0x20000598                uwTick
 *(COMMON)
                0x2000059c                        . = ALIGN (0x4)
                0x2000059c                        _ebss = .
                0x2000059c                        __bss_end__ = _ebss

._user_heap_stack
                0x2000059c      0x604 load address 0x08004910
                0x200005a0                        . = ALIGN (0x8)
 *fill*         0x2000059c        0x4 
                [!provide]                        PROVIDE (end = .)
                0x200005a0                        PROVIDE (_end = .)
                0x200007a0                        . = (. + _Min_Heap_Size)
 *fill*         0x200005a0      0x200 
                0x20000ba0                        . = (. + _Min_Stack_Size)
 *fill*         0x200007a0      0x400 
                0x20000ba0                        . = ALIGN (0x8)

/DISCARD/
 libc.a(*)
 libm.a(*)
 libgcc.a(*)
OUTPUT(Proyecto_Final_Control_De_Compuertas.elf elf32-littlearm)
LOAD linker stubs
LOAD D:/STM32CubeCLT_1.16.0/GNU-tools-for-STM32/bin/../lib/gcc/arm-none-eabi/12.3.1/../../../../arm-none-eabi/lib/thumb/v7e-m+fp/hard\libc.a
LOAD D:/STM32CubeCLT_1.16.0/GNU-tools-for-STM32/bin/../lib/gcc/arm-none-eabi/12.3.1/../../../../arm-none-eabi/lib/thumb/v7e-m+fp/hard\libm.a
LOAD D:/STM32CubeCLT_1.16.0/GNU-tools-for-STM32/bin/../lib/gcc/arm-none-eabi/12.3.1/thumb/v7e-m+fp/hard\libgcc.a

.ARM.attributes
                0x00000000       0x30
 .ARM.attributes
                0x00000000       0x22 D:/STM32CubeCLT_1.16.0/GNU-tools-for-STM32/bin/../lib/gcc/arm-none-eabi/12.3.1/thumb/v7e-m+fp/hard/crti.o
 .ARM.attributes
                0x00000022       0x34 D:/STM32CubeCLT_1.16.0/GNU-tools-for-STM32/bin/../lib/gcc/arm-none-eabi/12.3.1/thumb/v7e-m+fp/hard/crtbegin.o
 .ARM.attributes
                0x00000056       0x34 D:/STM32CubeCLT_1.16.0/GNU-tools-for-STM32/bin/../lib/gcc/arm-none-eabi/12.3.1/../../../../arm-none-eabi/lib/thumb/v7e-m+fp/hard\libc_nano.a(libc_a-memset.o)
 .ARM.attributes
                0x0000008a       0x34 D:/STM32CubeCLT_1.16.0/GNU-tools-for-STM32/bin/../lib/gcc/arm-none-eabi/12.3.1/../../../../arm-none-eabi/lib/thumb/v7e-m+fp/hard\libc_nano.a(libc_a-init.o)
 .ARM.attributes
                0x000000be       0x34 CMakeFiles/Proyecto_Final_Control_De_Compuertas.dir/External/ssd1306/ssd1306.c.obj
 .ARM.attributes
                0x000000f2       0x34 CMakeFiles/Proyecto_Final_Control_De_Compuertas.dir/Core/Src/main.c.obj
 .ARM.attributes
                0x00000126       0x34 CMakeFiles/Proyecto_Final_Control_De_Compuertas.dir/Core/Src/stm32l4xx_it.c.obj
 .ARM.attributes
                0x0000015a       0x34 CMakeFiles/Proyecto_Final_Control_De_Compuertas.dir/Core/Src/stm32l4xx_hal_msp.c.obj
 .ARM.attributes
                0x0000018e       0x34 CMakeFiles/Proyecto_Final_Control_De_Compuertas.dir/Drivers/STM32L4xx_HAL_Driver/Src/stm32l4xx_hal_i2c.c.obj
 .ARM.attributes
                0x000001c2       0x34 CMakeFiles/Proyecto_Final_Control_De_Compuertas.dir/Drivers/STM32L4xx_HAL_Driver/Src/stm32l4xx_hal_i2c_ex.c.obj
 .ARM.attributes
                0x000001f6       0x34 CMakeFiles/Proyecto_Final_Control_De_Compuertas.dir/Drivers/STM32L4xx_HAL_Driver/Src/stm32l4xx_hal.c.obj
 .ARM.attributes
                0x0000022a       0x34 CMakeFiles/Proyecto_Final_Control_De_Compuertas.dir/Drivers/STM32L4xx_HAL_Driver/Src/stm32l4xx_hal_rcc.c.obj
 .ARM.attributes
                0x0000025e       0x34 CMakeFiles/Proyecto_Final_Control_De_Compuertas.dir/Drivers/STM32L4xx_HAL_Driver/Src/stm32l4xx_hal_rcc_ex.c.obj
 .ARM.attributes
                0x00000292       0x34 CMakeFiles/Proyecto_Final_Control_De_Compuertas.dir/Drivers/STM32L4xx_HAL_Driver/Src/stm32l4xx_hal_gpio.c.obj
 .ARM.attributes
                0x000002c6       0x34 CMakeFiles/Proyecto_Final_Control_De_Compuertas.dir/Drivers/STM32L4xx_HAL_Driver/Src/stm32l4xx_hal_dma.c.obj
 .ARM.attributes
                0x000002fa       0x34 CMakeFiles/Proyecto_Final_Control_De_Compuertas.dir/Drivers/STM32L4xx_HAL_Driver/Src/stm32l4xx_hal_pwr_ex.c.obj
 .ARM.attributes
                0x0000032e       0x34 CMakeFiles/Proyecto_Final_Control_De_Compuertas.dir/Drivers/STM32L4xx_HAL_Driver/Src/stm32l4xx_hal_cortex.c.obj
 .ARM.attributes
                0x00000362       0x34 CMakeFiles/Proyecto_Final_Control_De_Compuertas.dir/Drivers/STM32L4xx_HAL_Driver/Src/stm32l4xx_hal_uart.c.obj
 .ARM.attributes
                0x00000396       0x34 CMakeFiles/Proyecto_Final_Control_De_Compuertas.dir/Drivers/STM32L4xx_HAL_Driver/Src/stm32l4xx_hal_uart_ex.c.obj
 .ARM.attributes
                0x000003ca       0x34 CMakeFiles/Proyecto_Final_Control_De_Compuertas.dir/Core/Src/system_stm32l4xx.c.obj
 .ARM.attributes
                0x000003fe       0x21 CMakeFiles/Proyecto_Final_Control_De_Compuertas.dir/startup_stm32l476xx.s.obj
 .ARM.attributes
                0x0000041f       0x22 D:/STM32CubeCLT_1.16.0/GNU-tools-for-STM32/bin/../lib/gcc/arm-none-eabi/12.3.1/thumb/v7e-m+fp/hard\libgcc.a(_aeabi_uldivmod.o)
 .ARM.attributes
                0x00000441       0x34 D:/STM32CubeCLT_1.16.0/GNU-tools-for-STM32/bin/../lib/gcc/arm-none-eabi/12.3.1/thumb/v7e-m+fp/hard\libgcc.a(_udivmoddi4.o)
 .ARM.attributes
                0x00000475       0x22 D:/STM32CubeCLT_1.16.0/GNU-tools-for-STM32/bin/../lib/gcc/arm-none-eabi/12.3.1/thumb/v7e-m+fp/hard\libgcc.a(_dvmd_tls.o)
 .ARM.attributes
                0x00000497       0x22 D:/STM32CubeCLT_1.16.0/GNU-tools-for-STM32/bin/../lib/gcc/arm-none-eabi/12.3.1/thumb/v7e-m+fp/hard/crtn.o

.comment        0x00000000       0x43
 .comment       0x00000000       0x43 CMakeFiles/Proyecto_Final_Control_De_Compuertas.dir/External/ssd1306/ssd1306.c.obj
                                 0x44 (size before relaxing)
 .comment       0x00000043       0x44 CMakeFiles/Proyecto_Final_Control_De_Compuertas.dir/Core/Src/main.c.obj
 .comment       0x00000043       0x44 CMakeFiles/Proyecto_Final_Control_De_Compuertas.dir/Core/Src/stm32l4xx_it.c.obj
 .comment       0x00000043       0x44 CMakeFiles/Proyecto_Final_Control_De_Compuertas.dir/Core/Src/stm32l4xx_hal_msp.c.obj
 .comment       0x00000043       0x44 CMakeFiles/Proyecto_Final_Control_De_Compuertas.dir/Drivers/STM32L4xx_HAL_Driver/Src/stm32l4xx_hal_i2c.c.obj
 .comment       0x00000043       0x44 CMakeFiles/Proyecto_Final_Control_De_Compuertas.dir/Drivers/STM32L4xx_HAL_Driver/Src/stm32l4xx_hal_i2c_ex.c.obj
 .comment       0x00000043       0x44 CMakeFiles/Proyecto_Final_Control_De_Compuertas.dir/Drivers/STM32L4xx_HAL_Driver/Src/stm32l4xx_hal.c.obj
 .comment       0x00000043       0x44 CMakeFiles/Proyecto_Final_Control_De_Compuertas.dir/Drivers/STM32L4xx_HAL_Driver/Src/stm32l4xx_hal_rcc.c.obj
 .comment       0x00000043       0x44 CMakeFiles/Proyecto_Final_Control_De_Compuertas.dir/Drivers/STM32L4xx_HAL_Driver/Src/stm32l4xx_hal_rcc_ex.c.obj
 .comment       0x00000043       0x44 CMakeFiles/Proyecto_Final_Control_De_Compuertas.dir/Drivers/STM32L4xx_HAL_Driver/Src/stm32l4xx_hal_gpio.c.obj
 .comment       0x00000043       0x44 CMakeFiles/Proyecto_Final_Control_De_Compuertas.dir/Drivers/STM32L4xx_HAL_Driver/Src/stm32l4xx_hal_dma.c.obj
 .comment       0x00000043       0x44 CMakeFiles/Proyecto_Final_Control_De_Compuertas.dir/Drivers/STM32L4xx_HAL_Driver/Src/stm32l4xx_hal_pwr_ex.c.obj
 .comment       0x00000043       0x44 CMakeFiles/Proyecto_Final_Control_De_Compuertas.dir/Drivers/STM32L4xx_HAL_Driver/Src/stm32l4xx_hal_cortex.c.obj
 .comment       0x00000043       0x44 CMakeFiles/Proyecto_Final_Control_De_Compuertas.dir/Drivers/STM32L4xx_HAL_Driver/Src/stm32l4xx_hal_uart.c.obj
 .comment       0x00000043       0x44 CMakeFiles/Proyecto_Final_Control_De_Compuertas.dir/Drivers/STM32L4xx_HAL_Driver/Src/stm32l4xx_hal_uart_ex.c.obj
 .comment       0x00000043       0x44 CMakeFiles/Proyecto_Final_Control_De_Compuertas.dir/Core/Src/system_stm32l4xx.c.obj

.debug_frame    0x00000000     0x388c
 .debug_frame   0x00000000       0x20 D:/STM32CubeCLT_1.16.0/GNU-tools-for-STM32/bin/../lib/gcc/arm-none-eabi/12.3.1/../../../../arm-none-eabi/lib/thumb/v7e-m+fp/hard\libc_nano.a(libc_a-memset.o)
 .debug_frame   0x00000020       0x2c D:/STM32CubeCLT_1.16.0/GNU-tools-for-STM32/bin/../lib/gcc/arm-none-eabi/12.3.1/../../../../arm-none-eabi/lib/thumb/v7e-m+fp/hard\libc_nano.a(libc_a-init.o)
 .debug_frame   0x0000004c      0x3e4 CMakeFiles/Proyecto_Final_Control_De_Compuertas.dir/External/ssd1306/ssd1306.c.obj
 .debug_frame   0x00000430       0xe0 CMakeFiles/Proyecto_Final_Control_De_Compuertas.dir/Core/Src/main.c.obj
 .debug_frame   0x00000510      0x158 CMakeFiles/Proyecto_Final_Control_De_Compuertas.dir/Core/Src/stm32l4xx_it.c.obj
 .debug_frame   0x00000668       0xd0 CMakeFiles/Proyecto_Final_Control_De_Compuertas.dir/Core/Src/stm32l4xx_hal_msp.c.obj
 .debug_frame   0x00000738      0xc38 CMakeFiles/Proyecto_Final_Control_De_Compuertas.dir/Drivers/STM32L4xx_HAL_Driver/Src/stm32l4xx_hal_i2c.c.obj
 .debug_frame   0x00001370      0x100 CMakeFiles/Proyecto_Final_Control_De_Compuertas.dir/Drivers/STM32L4xx_HAL_Driver/Src/stm32l4xx_hal_i2c_ex.c.obj
 .debug_frame   0x00001470      0x498 CMakeFiles/Proyecto_Final_Control_De_Compuertas.dir/Drivers/STM32L4xx_HAL_Driver/Src/stm32l4xx_hal.c.obj
 .debug_frame   0x00001908      0x21c CMakeFiles/Proyecto_Final_Control_De_Compuertas.dir/Drivers/STM32L4xx_HAL_Driver/Src/stm32l4xx_hal_rcc.c.obj
 .debug_frame   0x00001b24      0x2fc CMakeFiles/Proyecto_Final_Control_De_Compuertas.dir/Drivers/STM32L4xx_HAL_Driver/Src/stm32l4xx_hal_rcc_ex.c.obj
 .debug_frame   0x00001e20      0x14c CMakeFiles/Proyecto_Final_Control_De_Compuertas.dir/Drivers/STM32L4xx_HAL_Driver/Src/stm32l4xx_hal_gpio.c.obj
 .debug_frame   0x00001f6c      0x204 CMakeFiles/Proyecto_Final_Control_De_Compuertas.dir/Drivers/STM32L4xx_HAL_Driver/Src/stm32l4xx_hal_dma.c.obj
 .debug_frame   0x00002170      0x584 CMakeFiles/Proyecto_Final_Control_De_Compuertas.dir/Drivers/STM32L4xx_HAL_Driver/Src/stm32l4xx_hal_pwr_ex.c.obj
 .debug_frame   0x000026f4      0x4e8 CMakeFiles/Proyecto_Final_Control_De_Compuertas.dir/Drivers/STM32L4xx_HAL_Driver/Src/stm32l4xx_hal_cortex.c.obj
 .debug_frame   0x00002bdc      0x9f4 CMakeFiles/Proyecto_Final_Control_De_Compuertas.dir/Drivers/STM32L4xx_HAL_Driver/Src/stm32l4xx_hal_uart.c.obj
 .debug_frame   0x000035d0      0x204 CMakeFiles/Proyecto_Final_Control_De_Compuertas.dir/Drivers/STM32L4xx_HAL_Driver/Src/stm32l4xx_hal_uart_ex.c.obj
 .debug_frame   0x000037d4       0x58 CMakeFiles/Proyecto_Final_Control_De_Compuertas.dir/Core/Src/system_stm32l4xx.c.obj
 .debug_frame   0x0000382c       0x2c D:/STM32CubeCLT_1.16.0/GNU-tools-for-STM32/bin/../lib/gcc/arm-none-eabi/12.3.1/thumb/v7e-m+fp/hard\libgcc.a(_aeabi_uldivmod.o)
 .debug_frame   0x00003858       0x34 D:/STM32CubeCLT_1.16.0/GNU-tools-for-STM32/bin/../lib/gcc/arm-none-eabi/12.3.1/thumb/v7e-m+fp/hard\libgcc.a(_udivmoddi4.o)

.debug_info     0x00000000    0x105f6
 .debug_info    0x00000000     0x1277 CMakeFiles/Proyecto_Final_Control_De_Compuertas.dir/External/ssd1306/ssd1306.c.obj
 .debug_info    0x00001277     0x13a9 CMakeFiles/Proyecto_Final_Control_De_Compuertas.dir/Core/Src/main.c.obj
 .debug_info    0x00002620      0x768 CMakeFiles/Proyecto_Final_Control_De_Compuertas.dir/Core/Src/stm32l4xx_it.c.obj
 .debug_info    0x00002d88     0x1346 CMakeFiles/Proyecto_Final_Control_De_Compuertas.dir/Core/Src/stm32l4xx_hal_msp.c.obj
 .debug_info    0x000040ce     0x20d2 CMakeFiles/Proyecto_Final_Control_De_Compuertas.dir/Drivers/STM32L4xx_HAL_Driver/Src/stm32l4xx_hal_i2c.c.obj
 .debug_info    0x000061a0      0x975 CMakeFiles/Proyecto_Final_Control_De_Compuertas.dir/Drivers/STM32L4xx_HAL_Driver/Src/stm32l4xx_hal_i2c_ex.c.obj
 .debug_info    0x00006b15      0xc09 CMakeFiles/Proyecto_Final_Control_De_Compuertas.dir/Drivers/STM32L4xx_HAL_Driver/Src/stm32l4xx_hal.c.obj
 .debug_info    0x0000771e      0xc14 CMakeFiles/Proyecto_Final_Control_De_Compuertas.dir/Drivers/STM32L4xx_HAL_Driver/Src/stm32l4xx_hal_rcc.c.obj
 .debug_info    0x00008332      0xe11 CMakeFiles/Proyecto_Final_Control_De_Compuertas.dir/Drivers/STM32L4xx_HAL_Driver/Src/stm32l4xx_hal_rcc_ex.c.obj
 .debug_info    0x00009143      0x757 CMakeFiles/Proyecto_Final_Control_De_Compuertas.dir/Drivers/STM32L4xx_HAL_Driver/Src/stm32l4xx_hal_gpio.c.obj
 .debug_info    0x0000989a      0x6f4 CMakeFiles/Proyecto_Final_Control_De_Compuertas.dir/Drivers/STM32L4xx_HAL_Driver/Src/stm32l4xx_hal_dma.c.obj
 .debug_info    0x00009f8e      0x99e CMakeFiles/Proyecto_Final_Control_De_Compuertas.dir/Drivers/STM32L4xx_HAL_Driver/Src/stm32l4xx_hal_pwr_ex.c.obj
 .debug_info    0x0000a92c      0xd81 CMakeFiles/Proyecto_Final_Control_De_Compuertas.dir/Drivers/STM32L4xx_HAL_Driver/Src/stm32l4xx_hal_cortex.c.obj
 .debug_info    0x0000b6ad     0x3b69 CMakeFiles/Proyecto_Final_Control_De_Compuertas.dir/Drivers/STM32L4xx_HAL_Driver/Src/stm32l4xx_hal_uart.c.obj
 .debug_info    0x0000f216      0xdff CMakeFiles/Proyecto_Final_Control_De_Compuertas.dir/Drivers/STM32L4xx_HAL_Driver/Src/stm32l4xx_hal_uart_ex.c.obj
 .debug_info    0x00010015      0x5b1 CMakeFiles/Proyecto_Final_Control_De_Compuertas.dir/Core/Src/system_stm32l4xx.c.obj
 .debug_info    0x000105c6       0x30 CMakeFiles/Proyecto_Final_Control_De_Compuertas.dir/startup_stm32l476xx.s.obj

.debug_abbrev   0x00000000     0x2510
 .debug_abbrev  0x00000000      0x363 CMakeFiles/Proyecto_Final_Control_De_Compuertas.dir/External/ssd1306/ssd1306.c.obj
 .debug_abbrev  0x00000363      0x2ee CMakeFiles/Proyecto_Final_Control_De_Compuertas.dir/Core/Src/main.c.obj
 .debug_abbrev  0x00000651      0x174 CMakeFiles/Proyecto_Final_Control_De_Compuertas.dir/Core/Src/stm32l4xx_it.c.obj
 .debug_abbrev  0x000007c5      0x1e3 CMakeFiles/Proyecto_Final_Control_De_Compuertas.dir/Core/Src/stm32l4xx_hal_msp.c.obj
 .debug_abbrev  0x000009a8      0x261 CMakeFiles/Proyecto_Final_Control_De_Compuertas.dir/Drivers/STM32L4xx_HAL_Driver/Src/stm32l4xx_hal_i2c.c.obj
 .debug_abbrev  0x00000c09      0x1c3 CMakeFiles/Proyecto_Final_Control_De_Compuertas.dir/Drivers/STM32L4xx_HAL_Driver/Src/stm32l4xx_hal_i2c_ex.c.obj
 .debug_abbrev  0x00000dcc      0x243 CMakeFiles/Proyecto_Final_Control_De_Compuertas.dir/Drivers/STM32L4xx_HAL_Driver/Src/stm32l4xx_hal.c.obj
 .debug_abbrev  0x0000100f      0x2cb CMakeFiles/Proyecto_Final_Control_De_Compuertas.dir/Drivers/STM32L4xx_HAL_Driver/Src/stm32l4xx_hal_rcc.c.obj
 .debug_abbrev  0x000012da      0x2a6 CMakeFiles/Proyecto_Final_Control_De_Compuertas.dir/Drivers/STM32L4xx_HAL_Driver/Src/stm32l4xx_hal_rcc_ex.c.obj
 .debug_abbrev  0x00001580      0x1cb CMakeFiles/Proyecto_Final_Control_De_Compuertas.dir/Drivers/STM32L4xx_HAL_Driver/Src/stm32l4xx_hal_gpio.c.obj
 .debug_abbrev  0x0000174b      0x1e4 CMakeFiles/Proyecto_Final_Control_De_Compuertas.dir/Drivers/STM32L4xx_HAL_Driver/Src/stm32l4xx_hal_dma.c.obj
 .debug_abbrev  0x0000192f      0x1f9 CMakeFiles/Proyecto_Final_Control_De_Compuertas.dir/Drivers/STM32L4xx_HAL_Driver/Src/stm32l4xx_hal_pwr_ex.c.obj
 .debug_abbrev  0x00001b28      0x31c CMakeFiles/Proyecto_Final_Control_De_Compuertas.dir/Drivers/STM32L4xx_HAL_Driver/Src/stm32l4xx_hal_cortex.c.obj
 .debug_abbrev  0x00001e44      0x2d0 CMakeFiles/Proyecto_Final_Control_De_Compuertas.dir/Drivers/STM32L4xx_HAL_Driver/Src/stm32l4xx_hal_uart.c.obj
 .debug_abbrev  0x00002114      0x2be CMakeFiles/Proyecto_Final_Control_De_Compuertas.dir/Drivers/STM32L4xx_HAL_Driver/Src/stm32l4xx_hal_uart_ex.c.obj
 .debug_abbrev  0x000023d2      0x11a CMakeFiles/Proyecto_Final_Control_De_Compuertas.dir/Core/Src/system_stm32l4xx.c.obj
 .debug_abbrev  0x000024ec       0x24 CMakeFiles/Proyecto_Final_Control_De_Compuertas.dir/startup_stm32l476xx.s.obj

.debug_aranges  0x00000000      0xdb0
 .debug_aranges
                0x00000000       0xe8 CMakeFiles/Proyecto_Final_Control_De_Compuertas.dir/External/ssd1306/ssd1306.c.obj
 .debug_aranges
                0x000000e8       0x50 CMakeFiles/Proyecto_Final_Control_De_Compuertas.dir/Core/Src/main.c.obj
 .debug_aranges
                0x00000138       0x78 CMakeFiles/Proyecto_Final_Control_De_Compuertas.dir/Core/Src/stm32l4xx_it.c.obj
 .debug_aranges
                0x000001b0       0x40 CMakeFiles/Proyecto_Final_Control_De_Compuertas.dir/Core/Src/stm32l4xx_hal_msp.c.obj
 .debug_aranges
                0x000001f0      0x2a0 CMakeFiles/Proyecto_Final_Control_De_Compuertas.dir/Drivers/STM32L4xx_HAL_Driver/Src/stm32l4xx_hal_i2c.c.obj
 .debug_aranges
                0x00000490       0x48 CMakeFiles/Proyecto_Final_Control_De_Compuertas.dir/Drivers/STM32L4xx_HAL_Driver/Src/stm32l4xx_hal_i2c_ex.c.obj
 .debug_aranges
                0x000004d8      0x130 CMakeFiles/Proyecto_Final_Control_De_Compuertas.dir/Drivers/STM32L4xx_HAL_Driver/Src/stm32l4xx_hal.c.obj
 .debug_aranges
                0x00000608       0x90 CMakeFiles/Proyecto_Final_Control_De_Compuertas.dir/Drivers/STM32L4xx_HAL_Driver/Src/stm32l4xx_hal_rcc.c.obj
 .debug_aranges
                0x00000698       0xc0 CMakeFiles/Proyecto_Final_Control_De_Compuertas.dir/Drivers/STM32L4xx_HAL_Driver/Src/stm32l4xx_hal_rcc_ex.c.obj
 .debug_aranges
                0x00000758       0x58 CMakeFiles/Proyecto_Final_Control_De_Compuertas.dir/Drivers/STM32L4xx_HAL_Driver/Src/stm32l4xx_hal_gpio.c.obj
 .debug_aranges
                0x000007b0       0x80 CMakeFiles/Proyecto_Final_Control_De_Compuertas.dir/Drivers/STM32L4xx_HAL_Driver/Src/stm32l4xx_hal_dma.c.obj
 .debug_aranges
                0x00000830      0x160 CMakeFiles/Proyecto_Final_Control_De_Compuertas.dir/Drivers/STM32L4xx_HAL_Driver/Src/stm32l4xx_hal_pwr_ex.c.obj
 .debug_aranges
                0x00000990      0x128 CMakeFiles/Proyecto_Final_Control_De_Compuertas.dir/Drivers/STM32L4xx_HAL_Driver/Src/stm32l4xx_hal_cortex.c.obj
 .debug_aranges
                0x00000ab8      0x228 CMakeFiles/Proyecto_Final_Control_De_Compuertas.dir/Drivers/STM32L4xx_HAL_Driver/Src/stm32l4xx_hal_uart.c.obj
 .debug_aranges
                0x00000ce0       0x80 CMakeFiles/Proyecto_Final_Control_De_Compuertas.dir/Drivers/STM32L4xx_HAL_Driver/Src/stm32l4xx_hal_uart_ex.c.obj
 .debug_aranges
                0x00000d60       0x28 CMakeFiles/Proyecto_Final_Control_De_Compuertas.dir/Core/Src/system_stm32l4xx.c.obj
 .debug_aranges
                0x00000d88       0x28 CMakeFiles/Proyecto_Final_Control_De_Compuertas.dir/startup_stm32l476xx.s.obj

.debug_rnglists
                0x00000000      0xaa2
 .debug_rnglists
                0x00000000       0xb4 CMakeFiles/Proyecto_Final_Control_De_Compuertas.dir/External/ssd1306/ssd1306.c.obj
 .debug_rnglists
                0x000000b4       0x3a CMakeFiles/Proyecto_Final_Control_De_Compuertas.dir/Core/Src/main.c.obj
 .debug_rnglists
                0x000000ee       0x55 CMakeFiles/Proyecto_Final_Control_De_Compuertas.dir/Core/Src/stm32l4xx_it.c.obj
 .debug_rnglists
                0x00000143       0x2d CMakeFiles/Proyecto_Final_Control_De_Compuertas.dir/Core/Src/stm32l4xx_hal_msp.c.obj
 .debug_rnglists
                0x00000170      0x228 CMakeFiles/Proyecto_Final_Control_De_Compuertas.dir/Drivers/STM32L4xx_HAL_Driver/Src/stm32l4xx_hal_i2c.c.obj
 .debug_rnglists
                0x00000398       0x35 CMakeFiles/Proyecto_Final_Control_De_Compuertas.dir/Drivers/STM32L4xx_HAL_Driver/Src/stm32l4xx_hal_i2c_ex.c.obj
 .debug_rnglists
                0x000003cd       0xdf CMakeFiles/Proyecto_Final_Control_De_Compuertas.dir/Drivers/STM32L4xx_HAL_Driver/Src/stm32l4xx_hal.c.obj
 .debug_rnglists
                0x000004ac       0x6d CMakeFiles/Proyecto_Final_Control_De_Compuertas.dir/Drivers/STM32L4xx_HAL_Driver/Src/stm32l4xx_hal_rcc.c.obj
 .debug_rnglists
                0x00000519       0x95 CMakeFiles/Proyecto_Final_Control_De_Compuertas.dir/Drivers/STM32L4xx_HAL_Driver/Src/stm32l4xx_hal_rcc_ex.c.obj
 .debug_rnglists
                0x000005ae       0x3f CMakeFiles/Proyecto_Final_Control_De_Compuertas.dir/Drivers/STM32L4xx_HAL_Driver/Src/stm32l4xx_hal_gpio.c.obj
 .debug_rnglists
                0x000005ed       0x64 CMakeFiles/Proyecto_Final_Control_De_Compuertas.dir/Drivers/STM32L4xx_HAL_Driver/Src/stm32l4xx_hal_dma.c.obj
 .debug_rnglists
                0x00000651      0x109 CMakeFiles/Proyecto_Final_Control_De_Compuertas.dir/Drivers/STM32L4xx_HAL_Driver/Src/stm32l4xx_hal_pwr_ex.c.obj
 .debug_rnglists
                0x0000075a       0xda CMakeFiles/Proyecto_Final_Control_De_Compuertas.dir/Drivers/STM32L4xx_HAL_Driver/Src/stm32l4xx_hal_cortex.c.obj
 .debug_rnglists
                0x00000834      0x1db CMakeFiles/Proyecto_Final_Control_De_Compuertas.dir/Drivers/STM32L4xx_HAL_Driver/Src/stm32l4xx_hal_uart.c.obj
 .debug_rnglists
                0x00000a0f       0x60 CMakeFiles/Proyecto_Final_Control_De_Compuertas.dir/Drivers/STM32L4xx_HAL_Driver/Src/stm32l4xx_hal_uart_ex.c.obj
 .debug_rnglists
                0x00000a6f       0x1a CMakeFiles/Proyecto_Final_Control_De_Compuertas.dir/Core/Src/system_stm32l4xx.c.obj
 .debug_rnglists
                0x00000a89       0x19 CMakeFiles/Proyecto_Final_Control_De_Compuertas.dir/startup_stm32l476xx.s.obj

.debug_macro    0x00000000    0x265c7
 .debug_macro   0x00000000      0x2e1 CMakeFiles/Proyecto_Final_Control_De_Compuertas.dir/External/ssd1306/ssd1306.c.obj
 .debug_macro   0x000002e1      0xab4 CMakeFiles/Proyecto_Final_Control_De_Compuertas.dir/External/ssd1306/ssd1306.c.obj
 .debug_macro   0x00000d95      0x189 CMakeFiles/Proyecto_Final_Control_De_Compuertas.dir/External/ssd1306/ssd1306.c.obj
 .debug_macro   0x00000f1e       0x22 CMakeFiles/Proyecto_Final_Control_De_Compuertas.dir/External/ssd1306/ssd1306.c.obj
 .debug_macro   0x00000f40       0x8e CMakeFiles/Proyecto_Final_Control_De_Compuertas.dir/External/ssd1306/ssd1306.c.obj
 .debug_macro   0x00000fce       0x51 CMakeFiles/Proyecto_Final_Control_De_Compuertas.dir/External/ssd1306/ssd1306.c.obj
 .debug_macro   0x0000101f      0x103 CMakeFiles/Proyecto_Final_Control_De_Compuertas.dir/External/ssd1306/ssd1306.c.obj
 .debug_macro   0x00001122       0x6a CMakeFiles/Proyecto_Final_Control_De_Compuertas.dir/External/ssd1306/ssd1306.c.obj
 .debug_macro   0x0000118c      0x1df CMakeFiles/Proyecto_Final_Control_De_Compuertas.dir/External/ssd1306/ssd1306.c.obj
 .debug_macro   0x0000136b       0x74 CMakeFiles/Proyecto_Final_Control_De_Compuertas.dir/External/ssd1306/ssd1306.c.obj
 .debug_macro   0x000013df       0x2a CMakeFiles/Proyecto_Final_Control_De_Compuertas.dir/External/ssd1306/ssd1306.c.obj
 .debug_macro   0x00001409       0x3c CMakeFiles/Proyecto_Final_Control_De_Compuertas.dir/External/ssd1306/ssd1306.c.obj
 .debug_macro   0x00001445       0x34 CMakeFiles/Proyecto_Final_Control_De_Compuertas.dir/External/ssd1306/ssd1306.c.obj
 .debug_macro   0x00001479       0x4c CMakeFiles/Proyecto_Final_Control_De_Compuertas.dir/External/ssd1306/ssd1306.c.obj
 .debug_macro   0x000014c5      0x1a7 CMakeFiles/Proyecto_Final_Control_De_Compuertas.dir/External/ssd1306/ssd1306.c.obj
 .debug_macro   0x0000166c       0x28 CMakeFiles/Proyecto_Final_Control_De_Compuertas.dir/External/ssd1306/ssd1306.c.obj
 .debug_macro   0x00001694       0x28 CMakeFiles/Proyecto_Final_Control_De_Compuertas.dir/External/ssd1306/ssd1306.c.obj
 .debug_macro   0x000016bc       0x1c CMakeFiles/Proyecto_Final_Control_De_Compuertas.dir/External/ssd1306/ssd1306.c.obj
 .debug_macro   0x000016d8       0x22 CMakeFiles/Proyecto_Final_Control_De_Compuertas.dir/External/ssd1306/ssd1306.c.obj
 .debug_macro   0x000016fa       0xfb CMakeFiles/Proyecto_Final_Control_De_Compuertas.dir/External/ssd1306/ssd1306.c.obj
 .debug_macro   0x000017f5     0x1011 CMakeFiles/Proyecto_Final_Control_De_Compuertas.dir/External/ssd1306/ssd1306.c.obj
 .debug_macro   0x00002806      0x11f CMakeFiles/Proyecto_Final_Control_De_Compuertas.dir/External/ssd1306/ssd1306.c.obj
 .debug_macro   0x00002925    0x1a17a CMakeFiles/Proyecto_Final_Control_De_Compuertas.dir/External/ssd1306/ssd1306.c.obj
 .debug_macro   0x0001ca9f       0x6d CMakeFiles/Proyecto_Final_Control_De_Compuertas.dir/External/ssd1306/ssd1306.c.obj
 .debug_macro   0x0001cb0c     0x392c CMakeFiles/Proyecto_Final_Control_De_Compuertas.dir/External/ssd1306/ssd1306.c.obj
 .debug_macro   0x00020438       0x5c CMakeFiles/Proyecto_Final_Control_De_Compuertas.dir/External/ssd1306/ssd1306.c.obj
 .debug_macro   0x00020494     0x159e CMakeFiles/Proyecto_Final_Control_De_Compuertas.dir/External/ssd1306/ssd1306.c.obj
 .debug_macro   0x00021a32      0x5a5 CMakeFiles/Proyecto_Final_Control_De_Compuertas.dir/External/ssd1306/ssd1306.c.obj
 .debug_macro   0x00021fd7      0x1b9 CMakeFiles/Proyecto_Final_Control_De_Compuertas.dir/External/ssd1306/ssd1306.c.obj
 .debug_macro   0x00022190      0x18b CMakeFiles/Proyecto_Final_Control_De_Compuertas.dir/External/ssd1306/ssd1306.c.obj
 .debug_macro   0x0002231b      0x26b CMakeFiles/Proyecto_Final_Control_De_Compuertas.dir/External/ssd1306/ssd1306.c.obj
 .debug_macro   0x00022586      0x23d CMakeFiles/Proyecto_Final_Control_De_Compuertas.dir/External/ssd1306/ssd1306.c.obj
 .debug_macro   0x000227c3      0x241 CMakeFiles/Proyecto_Final_Control_De_Compuertas.dir/External/ssd1306/ssd1306.c.obj
 .debug_macro   0x00022a04      0x37c CMakeFiles/Proyecto_Final_Control_De_Compuertas.dir/External/ssd1306/ssd1306.c.obj
 .debug_macro   0x00022d80       0xd6 CMakeFiles/Proyecto_Final_Control_De_Compuertas.dir/External/ssd1306/ssd1306.c.obj
 .debug_macro   0x00022e56      0x22c CMakeFiles/Proyecto_Final_Control_De_Compuertas.dir/External/ssd1306/ssd1306.c.obj
 .debug_macro   0x00023082       0x61 CMakeFiles/Proyecto_Final_Control_De_Compuertas.dir/External/ssd1306/ssd1306.c.obj
 .debug_macro   0x000230e3       0xa5 CMakeFiles/Proyecto_Final_Control_De_Compuertas.dir/External/ssd1306/ssd1306.c.obj
 .debug_macro   0x00023188      0x122 CMakeFiles/Proyecto_Final_Control_De_Compuertas.dir/External/ssd1306/ssd1306.c.obj
 .debug_macro   0x000232aa      0x3ef CMakeFiles/Proyecto_Final_Control_De_Compuertas.dir/External/ssd1306/ssd1306.c.obj
 .debug_macro   0x00023699      0x5cf CMakeFiles/Proyecto_Final_Control_De_Compuertas.dir/External/ssd1306/ssd1306.c.obj
 .debug_macro   0x00023c68       0x44 CMakeFiles/Proyecto_Final_Control_De_Compuertas.dir/External/ssd1306/ssd1306.c.obj
 .debug_macro   0x00023cac      0x330 CMakeFiles/Proyecto_Final_Control_De_Compuertas.dir/External/ssd1306/ssd1306.c.obj
 .debug_macro   0x00023fdc       0x4c CMakeFiles/Proyecto_Final_Control_De_Compuertas.dir/External/ssd1306/ssd1306.c.obj
 .debug_macro   0x00024028       0x16 CMakeFiles/Proyecto_Final_Control_De_Compuertas.dir/External/ssd1306/ssd1306.c.obj
 .debug_macro   0x0002403e       0x43 CMakeFiles/Proyecto_Final_Control_De_Compuertas.dir/External/ssd1306/ssd1306.c.obj
 .debug_macro   0x00024081       0x34 CMakeFiles/Proyecto_Final_Control_De_Compuertas.dir/External/ssd1306/ssd1306.c.obj
 .debug_macro   0x000240b5       0x10 CMakeFiles/Proyecto_Final_Control_De_Compuertas.dir/External/ssd1306/ssd1306.c.obj
 .debug_macro   0x000240c5       0x58 CMakeFiles/Proyecto_Final_Control_De_Compuertas.dir/External/ssd1306/ssd1306.c.obj
 .debug_macro   0x0002411d      0x1de CMakeFiles/Proyecto_Final_Control_De_Compuertas.dir/External/ssd1306/ssd1306.c.obj
 .debug_macro   0x000242fb      0x369 CMakeFiles/Proyecto_Final_Control_De_Compuertas.dir/External/ssd1306/ssd1306.c.obj
 .debug_macro   0x00024664      0x19b CMakeFiles/Proyecto_Final_Control_De_Compuertas.dir/External/ssd1306/ssd1306.c.obj
 .debug_macro   0x000247ff       0x16 CMakeFiles/Proyecto_Final_Control_De_Compuertas.dir/External/ssd1306/ssd1306.c.obj
 .debug_macro   0x00024815       0x35 CMakeFiles/Proyecto_Final_Control_De_Compuertas.dir/External/ssd1306/ssd1306.c.obj
 .debug_macro   0x0002484a       0x16 CMakeFiles/Proyecto_Final_Control_De_Compuertas.dir/External/ssd1306/ssd1306.c.obj
 .debug_macro   0x00024860       0x29 CMakeFiles/Proyecto_Final_Control_De_Compuertas.dir/External/ssd1306/ssd1306.c.obj
 .debug_macro   0x00024889       0x16 CMakeFiles/Proyecto_Final_Control_De_Compuertas.dir/External/ssd1306/ssd1306.c.obj
 .debug_macro   0x0002489f       0x20 CMakeFiles/Proyecto_Final_Control_De_Compuertas.dir/External/ssd1306/ssd1306.c.obj
 .debug_macro   0x000248bf      0x232 CMakeFiles/Proyecto_Final_Control_De_Compuertas.dir/Core/Src/main.c.obj
 .debug_macro   0x00024af1      0x1de CMakeFiles/Proyecto_Final_Control_De_Compuertas.dir/Core/Src/stm32l4xx_it.c.obj
 .debug_macro   0x00024ccf      0x1d4 CMakeFiles/Proyecto_Final_Control_De_Compuertas.dir/Core/Src/stm32l4xx_hal_msp.c.obj
 .debug_macro   0x00024ea3      0x291 CMakeFiles/Proyecto_Final_Control_De_Compuertas.dir/Drivers/STM32L4xx_HAL_Driver/Src/stm32l4xx_hal_i2c.c.obj
 .debug_macro   0x00025134      0x1c5 CMakeFiles/Proyecto_Final_Control_De_Compuertas.dir/Drivers/STM32L4xx_HAL_Driver/Src/stm32l4xx_hal_i2c_ex.c.obj
 .debug_macro   0x000252f9      0x213 CMakeFiles/Proyecto_Final_Control_De_Compuertas.dir/Drivers/STM32L4xx_HAL_Driver/Src/stm32l4xx_hal.c.obj
 .debug_macro   0x0002550c      0x207 CMakeFiles/Proyecto_Final_Control_De_Compuertas.dir/Drivers/STM32L4xx_HAL_Driver/Src/stm32l4xx_hal_rcc.c.obj
 .debug_macro   0x00025713      0x1fb CMakeFiles/Proyecto_Final_Control_De_Compuertas.dir/Drivers/STM32L4xx_HAL_Driver/Src/stm32l4xx_hal_rcc_ex.c.obj
 .debug_macro   0x0002590e      0x1cc CMakeFiles/Proyecto_Final_Control_De_Compuertas.dir/Drivers/STM32L4xx_HAL_Driver/Src/stm32l4xx_hal_gpio.c.obj
 .debug_macro   0x00025ada      0x1c5 CMakeFiles/Proyecto_Final_Control_De_Compuertas.dir/Drivers/STM32L4xx_HAL_Driver/Src/stm32l4xx_hal_dma.c.obj
 .debug_macro   0x00025c9f      0x1e9 CMakeFiles/Proyecto_Final_Control_De_Compuertas.dir/Drivers/STM32L4xx_HAL_Driver/Src/stm32l4xx_hal_pwr_ex.c.obj
 .debug_macro   0x00025e88      0x1c5 CMakeFiles/Proyecto_Final_Control_De_Compuertas.dir/Drivers/STM32L4xx_HAL_Driver/Src/stm32l4xx_hal_cortex.c.obj
 .debug_macro   0x0002604d      0x1f0 CMakeFiles/Proyecto_Final_Control_De_Compuertas.dir/Drivers/STM32L4xx_HAL_Driver/Src/stm32l4xx_hal_uart.c.obj
 .debug_macro   0x0002623d      0x1c5 CMakeFiles/Proyecto_Final_Control_De_Compuertas.dir/Drivers/STM32L4xx_HAL_Driver/Src/stm32l4xx_hal_uart_ex.c.obj
 .debug_macro   0x00026402      0x1c5 CMakeFiles/Proyecto_Final_Control_De_Compuertas.dir/Core/Src/system_stm32l4xx.c.obj

.debug_line     0x00000000    0x12cda
 .debug_line    0x00000000     0x11f7 CMakeFiles/Proyecto_Final_Control_De_Compuertas.dir/External/ssd1306/ssd1306.c.obj
 .debug_line    0x000011f7      0xb84 CMakeFiles/Proyecto_Final_Control_De_Compuertas.dir/Core/Src/main.c.obj
 .debug_line    0x00001d7b      0x983 CMakeFiles/Proyecto_Final_Control_De_Compuertas.dir/Core/Src/stm32l4xx_it.c.obj
 .debug_line    0x000026fe      0x97d CMakeFiles/Proyecto_Final_Control_De_Compuertas.dir/Core/Src/stm32l4xx_hal_msp.c.obj
 .debug_line    0x0000307b     0x3ba0 CMakeFiles/Proyecto_Final_Control_De_Compuertas.dir/Drivers/STM32L4xx_HAL_Driver/Src/stm32l4xx_hal_i2c.c.obj
 .debug_line    0x00006c1b      0xa95 CMakeFiles/Proyecto_Final_Control_De_Compuertas.dir/Drivers/STM32L4xx_HAL_Driver/Src/stm32l4xx_hal_i2c_ex.c.obj
 .debug_line    0x000076b0      0xc6e CMakeFiles/Proyecto_Final_Control_De_Compuertas.dir/Drivers/STM32L4xx_HAL_Driver/Src/stm32l4xx_hal.c.obj
 .debug_line    0x0000831e     0x10e6 CMakeFiles/Proyecto_Final_Control_De_Compuertas.dir/Drivers/STM32L4xx_HAL_Driver/Src/stm32l4xx_hal_rcc.c.obj
 .debug_line    0x00009404     0x1658 CMakeFiles/Proyecto_Final_Control_De_Compuertas.dir/Drivers/STM32L4xx_HAL_Driver/Src/stm32l4xx_hal_rcc_ex.c.obj
 .debug_line    0x0000aa5c      0xcf9 CMakeFiles/Proyecto_Final_Control_De_Compuertas.dir/Drivers/STM32L4xx_HAL_Driver/Src/stm32l4xx_hal_gpio.c.obj
 .debug_line    0x0000b755      0xe72 CMakeFiles/Proyecto_Final_Control_De_Compuertas.dir/Drivers/STM32L4xx_HAL_Driver/Src/stm32l4xx_hal_dma.c.obj
 .debug_line    0x0000c5c7      0xe5f CMakeFiles/Proyecto_Final_Control_De_Compuertas.dir/Drivers/STM32L4xx_HAL_Driver/Src/stm32l4xx_hal_pwr_ex.c.obj
 .debug_line    0x0000d426      0xe36 CMakeFiles/Proyecto_Final_Control_De_Compuertas.dir/Drivers/STM32L4xx_HAL_Driver/Src/stm32l4xx_hal_cortex.c.obj
 .debug_line    0x0000e25c     0x337f CMakeFiles/Proyecto_Final_Control_De_Compuertas.dir/Drivers/STM32L4xx_HAL_Driver/Src/stm32l4xx_hal_uart.c.obj
 .debug_line    0x000115db      0xd73 CMakeFiles/Proyecto_Final_Control_De_Compuertas.dir/Drivers/STM32L4xx_HAL_Driver/Src/stm32l4xx_hal_uart_ex.c.obj
 .debug_line    0x0001234e      0x912 CMakeFiles/Proyecto_Final_Control_De_Compuertas.dir/Core/Src/system_stm32l4xx.c.obj
 .debug_line    0x00012c60       0x7a CMakeFiles/Proyecto_Final_Control_De_Compuertas.dir/startup_stm32l476xx.s.obj

.debug_str      0x00000000    0xeb398
 .debug_str     0x00000000    0xe6839 CMakeFiles/Proyecto_Final_Control_De_Compuertas.dir/External/ssd1306/ssd1306.c.obj
                              0xe6bf2 (size before relaxing)
 .debug_str     0x000e6839      0xded CMakeFiles/Proyecto_Final_Control_De_Compuertas.dir/Core/Src/main.c.obj
                              0xe4438 (size before relaxing)
 .debug_str     0x000e7626      0x193 CMakeFiles/Proyecto_Final_Control_De_Compuertas.dir/Core/Src/stm32l4xx_it.c.obj
                              0xe3304 (size before relaxing)
 .debug_str     0x000e77b9      0x379 CMakeFiles/Proyecto_Final_Control_De_Compuertas.dir/Core/Src/stm32l4xx_hal_msp.c.obj
                              0xe3e8b (size before relaxing)
 .debug_str     0x000e7b32      0xe6d CMakeFiles/Proyecto_Final_Control_De_Compuertas.dir/Drivers/STM32L4xx_HAL_Driver/Src/stm32l4xx_hal_i2c.c.obj
                              0xe3f06 (size before relaxing)
 .debug_str     0x000e899f      0x14f CMakeFiles/Proyecto_Final_Control_De_Compuertas.dir/Drivers/STM32L4xx_HAL_Driver/Src/stm32l4xx_hal_i2c_ex.c.obj
                              0xe3212 (size before relaxing)
 .debug_str     0x000e8aee      0x6d2 CMakeFiles/Proyecto_Final_Control_De_Compuertas.dir/Drivers/STM32L4xx_HAL_Driver/Src/stm32l4xx_hal.c.obj
                              0xe3904 (size before relaxing)
 .debug_str     0x000e91c0      0x472 CMakeFiles/Proyecto_Final_Control_De_Compuertas.dir/Drivers/STM32L4xx_HAL_Driver/Src/stm32l4xx_hal_rcc.c.obj
                              0xe334b (size before relaxing)
 .debug_str     0x000e9632      0x46a CMakeFiles/Proyecto_Final_Control_De_Compuertas.dir/Drivers/STM32L4xx_HAL_Driver/Src/stm32l4xx_hal_rcc_ex.c.obj
                              0xe34c4 (size before relaxing)
 .debug_str     0x000e9a9c      0x127 CMakeFiles/Proyecto_Final_Control_De_Compuertas.dir/Drivers/STM32L4xx_HAL_Driver/Src/stm32l4xx_hal_gpio.c.obj
                              0xe2e7e (size before relaxing)
 .debug_str     0x000e9bc3      0x284 CMakeFiles/Proyecto_Final_Control_De_Compuertas.dir/Drivers/STM32L4xx_HAL_Driver/Src/stm32l4xx_hal_dma.c.obj
                              0xe2f6f (size before relaxing)
 .debug_str     0x000e9e47      0x515 CMakeFiles/Proyecto_Final_Control_De_Compuertas.dir/Drivers/STM32L4xx_HAL_Driver/Src/stm32l4xx_hal_pwr_ex.c.obj
                              0xe3260 (size before relaxing)
 .debug_str     0x000ea35c      0x3af CMakeFiles/Proyecto_Final_Control_De_Compuertas.dir/Drivers/STM32L4xx_HAL_Driver/Src/stm32l4xx_hal_cortex.c.obj
                              0xe357e (size before relaxing)
 .debug_str     0x000ea70b      0x8ec CMakeFiles/Proyecto_Final_Control_De_Compuertas.dir/Drivers/STM32L4xx_HAL_Driver/Src/stm32l4xx_hal_uart.c.obj
                              0xe3a5d (size before relaxing)
 .debug_str     0x000eaff7      0x264 CMakeFiles/Proyecto_Final_Control_De_Compuertas.dir/Drivers/STM32L4xx_HAL_Driver/Src/stm32l4xx_hal_uart_ex.c.obj
                              0xe3289 (size before relaxing)
 .debug_str     0x000eb25b       0xa4 CMakeFiles/Proyecto_Final_Control_De_Compuertas.dir/Core/Src/system_stm32l4xx.c.obj
                              0xe2d05 (size before relaxing)
 .debug_str     0x000eb2ff       0x99 CMakeFiles/Proyecto_Final_Control_De_Compuertas.dir/startup_stm32l476xx.s.obj
                                0x10c (size before relaxing)

.debug_line_str
                0x00000000       0xf0
 .debug_line_str
                0x00000000       0xf0 CMakeFiles/Proyecto_Final_Control_De_Compuertas.dir/startup_stm32l476xx.s.obj
